Archive member included because of file (symbol)

d:/gcc-arm-none-eabi-4_7-131005/bin/../lib/gcc/arm-none-eabi/4.7.4/../../../../arm-none-eabi/lib/armv6-m\libc.a(lib_a-__atexit.o)
                              d:/gcc-arm-none-eabi-4_7-131005/bin/../lib/gcc/arm-none-eabi/4.7.4/../../../../arm-none-eabi/lib/armv6-m/crt0.o (__register_exitproc)
d:/gcc-arm-none-eabi-4_7-131005/bin/../lib/gcc/arm-none-eabi/4.7.4/../../../../arm-none-eabi/lib/armv6-m\libc.a(lib_a-exit.o)
                              d:/gcc-arm-none-eabi-4_7-131005/bin/../lib/gcc/arm-none-eabi/4.7.4/../../../../arm-none-eabi/lib/armv6-m/crt0.o (exit)
d:/gcc-arm-none-eabi-4_7-131005/bin/../lib/gcc/arm-none-eabi/4.7.4/../../../../arm-none-eabi/lib/armv6-m\libc.a(lib_a-fini.o)
                              d:/gcc-arm-none-eabi-4_7-131005/bin/../lib/gcc/arm-none-eabi/4.7.4/../../../../arm-none-eabi/lib/armv6-m/crt0.o (__libc_fini_array)
d:/gcc-arm-none-eabi-4_7-131005/bin/../lib/gcc/arm-none-eabi/4.7.4/../../../../arm-none-eabi/lib/armv6-m\libc.a(lib_a-impure.o)
                              d:/gcc-arm-none-eabi-4_7-131005/bin/../lib/gcc/arm-none-eabi/4.7.4/../../../../arm-none-eabi/lib/armv6-m\libc.a(lib_a-__atexit.o) (_global_impure_ptr)
d:/gcc-arm-none-eabi-4_7-131005/bin/../lib/gcc/arm-none-eabi/4.7.4/../../../../arm-none-eabi/lib/armv6-m\libc.a(lib_a-init.o)
                              d:/gcc-arm-none-eabi-4_7-131005/bin/../lib/gcc/arm-none-eabi/4.7.4/../../../../arm-none-eabi/lib/armv6-m/crt0.o (__libc_init_array)
d:/gcc-arm-none-eabi-4_7-131005/bin/../lib/gcc/arm-none-eabi/4.7.4/../../../../arm-none-eabi/lib/armv6-m\libc.a(lib_a-memset.o)
                              d:/gcc-arm-none-eabi-4_7-131005/bin/../lib/gcc/arm-none-eabi/4.7.4/../../../../arm-none-eabi/lib/armv6-m/crt0.o (memset)
d:/gcc-arm-none-eabi-4_7-131005/bin/../lib/gcc/arm-none-eabi/4.7.4/../../../../arm-none-eabi/lib/armv6-m\libc.a(lib_a-__call_atexit.o)
                              d:/gcc-arm-none-eabi-4_7-131005/bin/../lib/gcc/arm-none-eabi/4.7.4/../../../../arm-none-eabi/lib/armv6-m\libc.a(lib_a-exit.o) (__call_exitprocs)
d:/gcc-arm-none-eabi-4_7-131005/bin/../lib/gcc/arm-none-eabi/4.7.4/armv6-m\libgcc.a(_udivsi3.o)
                              src\system_stm32f0xx.o (__aeabi_uidiv)
d:/gcc-arm-none-eabi-4_7-131005/bin/../lib/gcc/arm-none-eabi/4.7.4/armv6-m\libgcc.a(_divsi3.o)
                              src\main.o (__aeabi_idiv)
d:/gcc-arm-none-eabi-4_7-131005/bin/../lib/gcc/arm-none-eabi/4.7.4/armv6-m\libgcc.a(_dvmd_tls.o)
                              d:/gcc-arm-none-eabi-4_7-131005/bin/../lib/gcc/arm-none-eabi/4.7.4/armv6-m\libgcc.a(_udivsi3.o) (__aeabi_idiv0)
d:/gcc-arm-none-eabi-4_7-131005/bin/../lib/gcc/arm-none-eabi/4.7.4/../../../../arm-none-eabi/lib/armv6-m\libg.a(lib_a-reent.o)
                              src\syscalls.o (errno)
d:/gcc-arm-none-eabi-4_7-131005/bin/../lib/gcc/arm-none-eabi/4.7.4/../../../../arm-none-eabi/lib/armv6-m\libg.a(lib_a-freer.o)
                              d:/gcc-arm-none-eabi-4_7-131005/bin/../lib/gcc/arm-none-eabi/4.7.4/../../../../arm-none-eabi/lib/armv6-m\libg.a(lib_a-reent.o) (_free_r)
d:/gcc-arm-none-eabi-4_7-131005/bin/../lib/gcc/arm-none-eabi/4.7.4/../../../../arm-none-eabi/lib/armv6-m\libg.a(lib_a-mallocr.o)
                              d:/gcc-arm-none-eabi-4_7-131005/bin/../lib/gcc/arm-none-eabi/4.7.4/../../../../arm-none-eabi/lib/armv6-m\libg.a(lib_a-freer.o) (__malloc_current_mallinfo)
d:/gcc-arm-none-eabi-4_7-131005/bin/../lib/gcc/arm-none-eabi/4.7.4/../../../../arm-none-eabi/lib/armv6-m\libg.a(lib_a-mlock.o)
                              d:/gcc-arm-none-eabi-4_7-131005/bin/../lib/gcc/arm-none-eabi/4.7.4/../../../../arm-none-eabi/lib/armv6-m\libg.a(lib_a-freer.o) (__malloc_lock)
d:/gcc-arm-none-eabi-4_7-131005/bin/../lib/gcc/arm-none-eabi/4.7.4/../../../../arm-none-eabi/lib/armv6-m\libg.a(lib_a-sbrkr.o)
                              d:/gcc-arm-none-eabi-4_7-131005/bin/../lib/gcc/arm-none-eabi/4.7.4/../../../../arm-none-eabi/lib/armv6-m\libg.a(lib_a-freer.o) (_sbrk_r)

Allocating common symbols
Common symbol       size              file

USART_ClockInitStruct
                    0x10              src\main.o
pre_time            0x4               src\main.o
TIM_TimeBaseStructure
                    0xc               src\main.o
errno               0x4               d:/gcc-arm-none-eabi-4_7-131005/bin/../lib/gcc/arm-none-eabi/4.7.4/../../../../arm-none-eabi/lib/armv6-m\libg.a(lib_a-reent.o)
display_data        0x4               src\main.o
cool_time           0x4               src\main.o
state               0x1               src\main.o
prev_status         0x4               src\main.o
TimingDelay         0x4               src\main.o
Gv_SystickCounter   0x4               src\main.o
service_mode        0x1               src\main.o
curr_time           0x4               src\main.o
digits              0x3               src\main.o
SPI_InitStruct      0x12              src\main.o
main_time           0x4               src\main.o
[...]
Memory Configuration

Name             Origin             Length             Attributes
FLASH            0x08000000         0x0000f000         xr
EEPROM           0x08007000         0x00001000         xr
RAM              0x20000000         0x00002000         xrw
MEMORY_B1        0x60000000         0x00000000         xr
*default*        0x00000000         0xffffffff

Linker script and memory map

LOAD d:/gcc-arm-none-eabi-4_7-131005/bin/../lib/gcc/arm-none-eabi/4.7.4/armv6-m/crti.o
LOAD d:/gcc-arm-none-eabi-4_7-131005/bin/../lib/gcc/arm-none-eabi/4.7.4/armv6-m/crtbegin.o
LOAD d:/gcc-arm-none-eabi-4_7-131005/bin/../lib/gcc/arm-none-eabi/4.7.4/../../../../arm-none-eabi/lib/armv6-m/crt0.o
                0x20002000                _estack = 0x20002000
                0x00000000                _Min_Heap_Size = 0x0
                0x00000080                _Min_Stack_Size = 0x80

.isr_vector     0x08000000       0xc4
                0x08000000                . = ALIGN (0x4)
 *(.isr_vector)
 .isr_vector    0x08000000       0xc4 src\startup_stm32f0xx.o
                0x08000000                g_pfnVectors
                0x080000c4                . = ALIGN (0x4)

.text           0x080000c4     0x3108
                0x080000c4                . = ALIGN (0x4)
 *(.text)
 .text          0x080000c4       0x60 d:/gcc-arm-none-eabi-4_7-131005/bin/../lib/gcc/arm-none-eabi/4.7.4/armv6-m/crtbegin.o
 .text          0x08000124       0x9c d:/gcc-arm-none-eabi-4_7-131005/bin/../lib/gcc/arm-none-eabi/4.7.4/armv6-m\libgcc.a(_udivsi3.o)
                0x08000124                __aeabi_uidiv
                0x08000124                __udivsi3
                0x080001ac                __aeabi_uidivmod
 .text          0x080001c0       0xc0 d:/gcc-arm-none-eabi-4_7-131005/bin/../lib/gcc/arm-none-eabi/4.7.4/armv6-m\libgcc.a(_divsi3.o)
                0x080001c0                __divsi3
                0x080001c0                __aeabi_idiv
                0x0800026c                __aeabi_idivmod
 .text          0x08000280        0x4 d:/gcc-arm-none-eabi-4_7-131005/bin/../lib/gcc/arm-none-eabi/4.7.4/armv6-m\libgcc.a(_dvmd_tls.o)
                0x08000280                __aeabi_idiv0
                0x08000280                __aeabi_ldiv0
 *(.text*)
 .text.__libc_init_array
                0x08000284       0x90 d:/gcc-arm-none-eabi-4_7-131005/bin/../lib/gcc/arm-none-eabi/4.7.4/../../../../arm-none-eabi/lib/armv6-m\libc.a(lib_a-init.o)
                0x08000284                __libc_init_array
 .text.SystemInit
                0x08000314       0x8c src\system_stm32f0xx.o
                0x08000314                SystemInit
 .text.SetSysClock
                0x080003a0       0x94 src\system_stm32f0xx.o
 .text.NMI_Handler
                0x08000434        0x8 src\stm32f0xx_it.o
                0x08000434                NMI_Handler
 .text.HardFault_Handler
                0x0800043c        0x8 src\stm32f0xx_it.o
                0x0800043c                HardFault_Handler
 .text.SVC_Handler
                0x08000444        0x8 src\stm32f0xx_it.o
                0x08000444                SVC_Handler
 .text.PendSV_Handler
                0x0800044c        0x8 src\stm32f0xx_it.o
                0x0800044c                PendSV_Handler
 .text.SysTick_Handler
                0x08000454        0xc src\stm32f0xx_it.o
                0x08000454                SysTick_Handler
 .text.TS_IRQHandler
                0x08000460        0x8 src\stm32f0xx_it.o
                0x08000460                TS_IRQHandler
 .text.USART1_IRQHandler
                0x08000468        0xc src\stm32f0xx_it.o
                0x08000468                USART1_IRQHandler
 .text.USART2_IRQHandler
                0x08000474        0xc src\stm32f0xx_it.o
                0x08000474                USART2_IRQHandler
 .text.Reset_Handler
                0x08000480       0x50 src\startup_stm32f0xx.o
                0x08000480                Reset_Handler
 .text.Default_Handler
                0x080004d0        0x2 src\startup_stm32f0xx.o
                0x080004d0                TIM1_CC_IRQHandler
                0x080004d0                ADC1_COMP_IRQHandler
                0x080004d0                PVD_IRQHandler
                0x080004d0                I2C1_IRQHandler
                0x080004d0                SPI1_IRQHandler
                0x080004d0                TIM6_DAC_IRQHandler
                0x080004d0                EXTI2_3_IRQHandler
                0x080004d0                I2C2_IRQHandler
                0x080004d0                TIM17_IRQHandler
                0x080004d0                RTC_IRQHandler
                0x080004d0                TIM16_IRQHandler
                0x080004d0                EXTI4_15_IRQHandler
                0x080004d0                RCC_IRQHandler
                0x080004d0                DMA1_Channel1_IRQHandler
                0x080004d0                Default_Handler
                0x080004d0                CEC_IRQHandler
                0x080004d0                TIM14_IRQHandler
                0x080004d0                DMA1_Channel4_5_IRQHandler
                0x080004d0                TIM15_IRQHandler
                0x080004d0                EXTI0_1_IRQHandler
                0x080004d0                SPI2_IRQHandler
                0x080004d0                WWDG_IRQHandler
                0x080004d0                TIM2_IRQHandler
                0x080004d0                DMA1_Channel2_3_IRQHandler
                0x080004d0                FLASH_IRQHandler
                0x080004d0                TIM1_BRK_UP_TRG_COM_IRQHandler
 *fill*         0x080004d2        0x2 
 .text.show_level
                0x080004d4      0x19c src\main.o
                0x080004d4                show_level
 .text.show_digit
                0x08000670      0x244 src\main.o
                0x08000670                show_digit
 .text.main     0x080008b4      0x524 src\main.o
                0x080008b4                main
 .text.TIM3_IRQHandler
                0x08000dd8       0x60 src\main.o
                0x08000dd8                TIM3_IRQHandler
 .text.ToBCD    0x08000e38       0x80 src\main.o
                0x08000e38                ToBCD
 .text.ProcessButtons
                0x08000eb8      0x588 src\main.o
                0x08000eb8                ProcessButtons
 .text.update_status
                0x08001440       0x70 src\main.o
                0x08001440                update_status
 .text.TimingDelay_Decrement
                0x080014b0      0x124 src\main.o
                0x080014b0                TimingDelay_Decrement
 .text.read_eeprom
                0x080015d4       0xa8 src\main.o
                0x080015d4                read_eeprom
 .text.write_eeprom
                0x0800167c      0x150 src\main.o
                0x0800167c                write_eeprom
 .text.set_lamps
                0x080017cc       0x2c src\main.o
                0x080017cc                set_lamps
 .text.set_licevi_lamps
                0x080017f8       0x2c src\main.o
                0x080017f8                set_licevi_lamps
 .text.set_fan2
                0x08001824       0x10 src\main.o
                0x08001824                set_fan2
 .text.set_fan1
                0x08001834       0xa8 src\main.o
                0x08001834                set_fan1
 .text.set_clima
                0x080018dc       0x10 src\main.o
                0x080018dc                set_clima
 .text.usart_receive
                0x080018ec      0x238 src\main.o
                0x080018ec                usart_receive
 .text.init_periph
                0x08001b24      0x358 src\init.o
                0x08001b24                init_periph
 .text.USART_Init
                0x08001e7c      0x160 Libraries\STM32F0xx_StdPeriph_Driver\src\stm32f0xx_usart.o
                0x08001e7c                USART_Init
 .text.USART_Cmd
                0x08001fdc       0x3c Libraries\STM32F0xx_StdPeriph_Driver\src\stm32f0xx_usart.o
                0x08001fdc                USART_Cmd
 .text.USART_SendData
                0x08002018       0x24 Libraries\STM32F0xx_StdPeriph_Driver\src\stm32f0xx_usart.o
                0x08002018                USART_SendData
 .text.USART_ReceiveData
                0x0800203c       0x1c Libraries\STM32F0xx_StdPeriph_Driver\src\stm32f0xx_usart.o
                0x0800203c                USART_ReceiveData
 .text.USART_ITConfig
                0x08002058       0x84 Libraries\STM32F0xx_StdPeriph_Driver\src\stm32f0xx_usart.o
                0x08002058                USART_ITConfig
 .text.TIM_TimeBaseInit
                0x080020dc       0xf0 Libraries\STM32F0xx_StdPeriph_Driver\src\stm32f0xx_tim.o
                0x080020dc                TIM_TimeBaseInit
 .text.TIM_Cmd  0x080021cc       0x40 Libraries\STM32F0xx_StdPeriph_Driver\src\stm32f0xx_tim.o
                0x080021cc                TIM_Cmd
 .text.TIM_OC4Init
                0x0800220c      0x134 Libraries\STM32F0xx_StdPeriph_Driver\src\stm32f0xx_tim.o
                0x0800220c                TIM_OC4Init
 .text.TIM_ICInit
                0x08002340       0xb0 Libraries\STM32F0xx_StdPeriph_Driver\src\stm32f0xx_tim.o
                0x08002340                TIM_ICInit
 .text.TIM_SetIC1Prescaler
                0x080023f0       0x38 Libraries\STM32F0xx_StdPeriph_Driver\src\stm32f0xx_tim.o
                0x080023f0                TIM_SetIC1Prescaler
 .text.TIM_SetIC2Prescaler
                0x08002428       0x40 Libraries\STM32F0xx_StdPeriph_Driver\src\stm32f0xx_tim.o
                0x08002428                TIM_SetIC2Prescaler
 .text.TIM_SetIC3Prescaler
                0x08002468       0x38 Libraries\STM32F0xx_StdPeriph_Driver\src\stm32f0xx_tim.o
                0x08002468                TIM_SetIC3Prescaler
 .text.TIM_SetIC4Prescaler
                0x080024a0       0x40 Libraries\STM32F0xx_StdPeriph_Driver\src\stm32f0xx_tim.o
                0x080024a0                TIM_SetIC4Prescaler
 .text.TI1_Config
                0x080024e0       0xc8 Libraries\STM32F0xx_StdPeriph_Driver\src\stm32f0xx_tim.o
 .text.TI2_Config
                0x080025a8       0xf0 Libraries\STM32F0xx_StdPeriph_Driver\src\stm32f0xx_tim.o
 .text.TI3_Config
                0x08002698       0xe8 Libraries\STM32F0xx_StdPeriph_Driver\src\stm32f0xx_tim.o
 .text.TI4_Config
                0x08002780       0xf8 Libraries\STM32F0xx_StdPeriph_Driver\src\stm32f0xx_tim.o
 .text.SPI_StructInit
                0x08002878       0x48 Libraries\STM32F0xx_StdPeriph_Driver\src\stm32f0xx_spi.o
                0x08002878                SPI_StructInit
 .text.SPI_Init
                0x080028c0      0x104 Libraries\STM32F0xx_StdPeriph_Driver\src\stm32f0xx_spi.o
                0x080028c0                SPI_Init
 .text.SPI_Cmd  0x080029c4       0x40 Libraries\STM32F0xx_StdPeriph_Driver\src\stm32f0xx_spi.o
                0x080029c4                SPI_Cmd
 .text.RCC_GetClocksFreq
                0x08002a04      0x1cc Libraries\STM32F0xx_StdPeriph_Driver\src\stm32f0xx_rcc.o
                0x08002a04                RCC_GetClocksFreq
 .text.RCC_AHBPeriphClockCmd
                0x08002bd0       0x3c Libraries\STM32F0xx_StdPeriph_Driver\src\stm32f0xx_rcc.o
                0x08002bd0                RCC_AHBPeriphClockCmd
 .text.RCC_APB2PeriphClockCmd
                0x08002c0c       0x3c Libraries\STM32F0xx_StdPeriph_Driver\src\stm32f0xx_rcc.o
                0x08002c0c                RCC_APB2PeriphClockCmd
 .text.RCC_APB1PeriphClockCmd
                0x08002c48       0x3c Libraries\STM32F0xx_StdPeriph_Driver\src\stm32f0xx_rcc.o
                0x08002c48                RCC_APB1PeriphClockCmd
 .text.NVIC_Init
                0x08002c84       0xac Libraries\STM32F0xx_StdPeriph_Driver\src\stm32f0xx_misc.o
                0x08002c84                NVIC_Init
 .text.IWDG_ReloadCounter
                0x08002d30       0x18 Libraries\STM32F0xx_StdPeriph_Driver\src\stm32f0xx_iwdg.o
                0x08002d30                IWDG_ReloadCounter
 .text.GPIO_Init
                0x08002d48      0x138 Libraries\STM32F0xx_StdPeriph_Driver\src\stm32f0xx_gpio.o
                0x08002d48                GPIO_Init
 .text.GPIO_PinAFConfig
                0x08002e80       0x9c Libraries\STM32F0xx_StdPeriph_Driver\src\stm32f0xx_gpio.o
                0x08002e80                GPIO_PinAFConfig
 .text.FLASH_Unlock
                0x08002f1c       0x2c Libraries\STM32F0xx_StdPeriph_Driver\src\stm32f0xx_flash.o
                0x08002f1c                FLASH_Unlock
 .text.FLASH_ErasePage
                0x08002f48       0x7c Libraries\STM32F0xx_StdPeriph_Driver\src\stm32f0xx_flash.o
                0x08002f48                FLASH_ErasePage
 .text.FLASH_ProgramWord
                0x08002fc4       0xb0 Libraries\STM32F0xx_StdPeriph_Driver\src\stm32f0xx_flash.o
                0x08002fc4                FLASH_ProgramWord
 .text.FLASH_GetStatus
                0x08003074       0x58 Libraries\STM32F0xx_StdPeriph_Driver\src\stm32f0xx_flash.o
                0x08003074                FLASH_GetStatus
 .text.FLASH_WaitForLastOperation
                0x080030cc       0x5c Libraries\STM32F0xx_StdPeriph_Driver\src\stm32f0xx_flash.o
                0x080030cc                FLASH_WaitForLastOperation
 *(.rodata)
 .rodata        0x08003128       0x8c src\main.o
 *(.rodata*)
 *(.glue_7)
 .glue_7        0x00000000        0x0 linker stubs
 *(.glue_7t)
 .glue_7t       0x00000000        0x0 linker stubs
 *(.eh_frame)
 .eh_frame      0x080031b4        0x0 d:/gcc-arm-none-eabi-4_7-131005/bin/../lib/gcc/arm-none-eabi/4.7.4/armv6-m/crtbegin.o
 *(.init)
 .init          0x080031b4        0x4 d:/gcc-arm-none-eabi-4_7-131005/bin/../lib/gcc/arm-none-eabi/4.7.4/armv6-m/crti.o
                0x080031b4                _init
 .init          0x080031b8        0x8 d:/gcc-arm-none-eabi-4_7-131005/bin/../lib/gcc/arm-none-eabi/4.7.4/armv6-m/crtn.o
 *(.fini)
 .fini          0x080031c0        0x4 d:/gcc-arm-none-eabi-4_7-131005/bin/../lib/gcc/arm-none-eabi/4.7.4/armv6-m/crti.o
                0x080031c0                _fini
 .fini          0x080031c4        0x8 d:/gcc-arm-none-eabi-4_7-131005/bin/../lib/gcc/arm-none-eabi/4.7.4/armv6-m/crtn.o
                0x080031cc                . = ALIGN (0x4)
                0x080031cc                _etext = .

.vfp11_veneer   0x080031cc        0x0
 .vfp11_veneer  0x00000000        0x0 linker stubs

.v4_bx          0x080031cc        0x0
 .v4_bx         0x00000000        0x0 linker stubs

.iplt           0x080031cc        0x0
 .iplt          0x00000000        0x0 d:/gcc-arm-none-eabi-4_7-131005/bin/../lib/gcc/arm-none-eabi/4.7.4/armv6-m/crtbegin.o

.rel.dyn        0x080031cc        0x0
 .rel.iplt      0x00000000        0x0 d:/gcc-arm-none-eabi-4_7-131005/bin/../lib/gcc/arm-none-eabi/4.7.4/armv6-m/crtbegin.o

.ARM.extab
 *(.ARM.extab* .gnu.linkonce.armextab.*)

.ARM            0x080031cc        0x0
                0x080031cc                __exidx_start = .
 *(.ARM.exidx*)
                0x080031cc                __exidx_end = .

.preinit_array  0x080031cc        0x0
                0x080031cc                PROVIDE (__preinit_array_start, .)
 *(.preinit_array*)
                0x080031cc                PROVIDE (__preinit_array_end, .)

.init_array     0x080031cc        0x4
                0x080031cc                PROVIDE (__init_array_start, .)
 *(SORT(.init_array.*))
 *(.init_array*)
 .init_array    0x080031cc        0x4 d:/gcc-arm-none-eabi-4_7-131005/bin/../lib/gcc/arm-none-eabi/4.7.4/armv6-m/crtbegin.o
                0x080031d0                PROVIDE (__init_array_end, .)

.fini_array     0x080031d0        0x4
                0x080031d0                PROVIDE (__fini_array_start, .)
 *(SORT(.fini_array.*))
 *(.fini_array*)
 .fini_array    0x080031d0        0x4 d:/gcc-arm-none-eabi-4_7-131005/bin/../lib/gcc/arm-none-eabi/4.7.4/armv6-m/crtbegin.o
                0x080031d4                PROVIDE (__fini_array_end, .)
                0x080031d4                _sidata = LOADADDR (.data)

.data           0x20000000       0x30 load address 0x080031d4
                0x20000000                . = ALIGN (0x4)
                0x20000000                _sdata = .
 *(.data)
 .data          0x20000000       0x20 src\main.o
                0x20000000                controller_address
                0x20000014                Gv_UART_Timeout
                0x20000018                volume_level
                0x2000001c                fan_level
 .data          0x20000020       0x10 Libraries\STM32F0xx_StdPeriph_Driver\src\stm32f0xx_rcc.o
 *(.data*)
                0x20000030                . = ALIGN (0x4)
                0x20000030                _edata = .

.jcr            0x20000030        0x0 load address 0x08003204
 .jcr           0x20000030        0x0 d:/gcc-arm-none-eabi-4_7-131005/bin/../lib/gcc/arm-none-eabi/4.7.4/armv6-m/crtbegin.o

.igot.plt       0x20000030        0x0 load address 0x08003204
 .igot.plt      0x00000000        0x0 d:/gcc-arm-none-eabi-4_7-131005/bin/../lib/gcc/arm-none-eabi/4.7.4/armv6-m/crtbegin.o
                0x20000030                . = ALIGN (0x4)

.bss            0x20000030      0x11c load address 0x08003204
                0x20000030                _sbss = .
                0x20000030                __bss_start__ = _sbss
 *(.bss)
 .bss           0x20000030       0x1c d:/gcc-arm-none-eabi-4_7-131005/bin/../lib/gcc/arm-none-eabi/4.7.4/armv6-m/crtbegin.o
 .bss           0x2000004c       0x5c src\main.o
                0x2000004c                flash_mode
                0x20000050                data
                0x20000054                start_counter
                0x20000058                last_button
                0x2000005c                prev_button
                0x20000060                Gv_miliseconds
                0x20000064                pre_time_sent
                0x20000068                main_time_sent
                0x2000006c                cool_time_sent
                0x20000070                rx_state
                0x20000074                percent_clima
                0x20000078                percent_licevi
                0x2000007c                percent_fan1
                0x20000080                percent_fan2
                0x20000084                minute_counter
                0x20000088                zero_crossed
                0x2000008c                auto_exit_fn
                0x20000090                aqua_fresh_level
                0x20000094                refresh_counter
                0x20000098                flash_counter
                0x2000009c                led_counter
                0x200000a0                digit_num
 *(.bss*)
 *(COMMON)
 COMMON         0x200000a8       0xa3 src\main.o
                0x200000a8                USART_ClockInitStruct
                0x200000b8                pre_time
                0x200000bc                TIM_TimeBaseStructure
                0x200000c8                display_data
                0x200000cc                cool_time
                0x200000d0                state
                0x200000d4                prev_status
                0x200000d8                TimingDelay
                0x200000dc                Gv_SystickCounter
                0x200000e0                service_mode
                0x200000e4                curr_time
                0x200000e8                digits
                0x200000ec                SPI_InitStruct
                0x20000100                main_time
                0x20000104                TIM_OCInitStructure
                0x20000118                curr_status
                0x2000011c                GPIO_InitStructure
                0x20000124                USART_InitStructure
                0x2000013c                TIM_ICInitStructure
                0x20000148                NVIC_InitStructure
                0x2000014c                . = ALIGN (0x4)
 *fill*         0x2000014b        0x1 
                0x2000014c                _ebss = .
                0x2000014c                __bss_end__ = _ebss

._user_heap_stack
                0x2000014c       0x80 load address 0x08003204
                0x2000014c                . = ALIGN (0x4)
                0x2000014c                PROVIDE (end, .)
                0x2000014c                PROVIDE (_end, .)
                0x2000014c                . = (. + _Min_Heap_Size)
                0x200001cc                . = (. + _Min_Stack_Size)
 *fill*         0x2000014c       0x80 
                0x200001cc                . = ALIGN (0x4)

.eeprom1text    0x08007000      0x800
 *(.eeprom1text)
 .eeprom1text   0x08007000      0x800 src\main.o
                0x08007000                eeprom_array

.memory_b1_text
 *(.mb1text)
 *(.mb1text*)
 *(.mb1rodata)
 *(.mb1rodata*)

/DISCARD/
 libc.a(*)
 libm.a(*)
 libgcc.a(*)

.ARM.attributes
                0x00000000       0x28
 *(.ARM.attributes)
 .ARM.attributes
                0x00000000       0x1e d:/gcc-arm-none-eabi-4_7-131005/bin/../lib/gcc/arm-none-eabi/4.7.4/armv6-m/crti.o
 .ARM.attributes
                0x0000001e       0x2c d:/gcc-arm-none-eabi-4_7-131005/bin/../lib/gcc/arm-none-eabi/4.7.4/armv6-m/crtbegin.o
 .ARM.attributes
                0x0000004a       0x31 src\system_stm32f0xx.o
 .ARM.attributes
                0x0000007b       0x31 src\stm32f0xx_it.o
 .ARM.attributes
                0x000000ac       0x21 src\startup_stm32f0xx.o
 .ARM.attributes
                0x000000cd       0x31 src\main.o
 .ARM.attributes
                0x000000fe       0x31 src\init.o
 .ARM.attributes
                0x0000012f       0x31 Libraries\STM32F0xx_StdPeriph_Driver\src\stm32f0xx_usart.o
 .ARM.attributes
                0x00000160       0x31 Libraries\STM32F0xx_StdPeriph_Driver\src\stm32f0xx_tim.o
 .ARM.attributes
                0x00000191       0x31 Libraries\STM32F0xx_StdPeriph_Driver\src\stm32f0xx_spi.o
 .ARM.attributes
                0x000001c2       0x31 Libraries\STM32F0xx_StdPeriph_Driver\src\stm32f0xx_rcc.o
 .ARM.attributes
                0x000001f3       0x31 Libraries\STM32F0xx_StdPeriph_Driver\src\stm32f0xx_misc.o
 .ARM.attributes
                0x00000224       0x31 Libraries\STM32F0xx_StdPeriph_Driver\src\stm32f0xx_iwdg.o
 .ARM.attributes
                0x00000255       0x31 Libraries\STM32F0xx_StdPeriph_Driver\src\stm32f0xx_gpio.o
 .ARM.attributes
                0x00000286       0x31 Libraries\STM32F0xx_StdPeriph_Driver\src\stm32f0xx_flash.o
 .ARM.attributes
                0x000002b7       0x1e d:/gcc-arm-none-eabi-4_7-131005/bin/../lib/gcc/arm-none-eabi/4.7.4/armv6-m\libgcc.a(_udivsi3.o)
 .ARM.attributes
                0x000002d5       0x1e d:/gcc-arm-none-eabi-4_7-131005/bin/../lib/gcc/arm-none-eabi/4.7.4/armv6-m\libgcc.a(_divsi3.o)
 .ARM.attributes
                0x000002f3       0x1e d:/gcc-arm-none-eabi-4_7-131005/bin/../lib/gcc/arm-none-eabi/4.7.4/armv6-m\libgcc.a(_dvmd_tls.o)
 .ARM.attributes
                0x00000311       0x1e d:/gcc-arm-none-eabi-4_7-131005/bin/../lib/gcc/arm-none-eabi/4.7.4/armv6-m/crtn.o
LOAD src\system_stm32f0xx.o
LOAD src\syscalls.o
LOAD src\stm32f0xx_it.o
LOAD src\startup_stm32f0xx.o
LOAD src\main.o
LOAD src\init.o
LOAD Utilities\STM32F0-Discovery\stm32f0_discovery.o
LOAD Libraries\STM32F0xx_StdPeriph_Driver\src\stm32f0xx_wwdg.o
LOAD Libraries\STM32F0xx_StdPeriph_Driver\src\stm32f0xx_usart.o
LOAD Libraries\STM32F0xx_StdPeriph_Driver\src\stm32f0xx_tim.o
LOAD Libraries\STM32F0xx_StdPeriph_Driver\src\stm32f0xx_syscfg.o
LOAD Libraries\STM32F0xx_StdPeriph_Driver\src\stm32f0xx_spi.o
LOAD Libraries\STM32F0xx_StdPeriph_Driver\src\stm32f0xx_rtc.o
LOAD Libraries\STM32F0xx_StdPeriph_Driver\src\stm32f0xx_rcc.o
LOAD Libraries\STM32F0xx_StdPeriph_Driver\src\stm32f0xx_pwr.o
LOAD Libraries\STM32F0xx_StdPeriph_Driver\src\stm32f0xx_misc.o
LOAD Libraries\STM32F0xx_StdPeriph_Driver\src\stm32f0xx_iwdg.o
LOAD Libraries\STM32F0xx_StdPeriph_Driver\src\stm32f0xx_i2c.o
LOAD Libraries\STM32F0xx_StdPeriph_Driver\src\stm32f0xx_gpio.o
LOAD Libraries\STM32F0xx_StdPeriph_Driver\src\stm32f0xx_flash.o
LOAD Libraries\STM32F0xx_StdPeriph_Driver\src\stm32f0xx_exti.o
LOAD Libraries\STM32F0xx_StdPeriph_Driver\src\stm32f0xx_dma.o
LOAD Libraries\STM32F0xx_StdPeriph_Driver\src\stm32f0xx_dbgmcu.o
LOAD Libraries\STM32F0xx_StdPeriph_Driver\src\stm32f0xx_dac.o
LOAD Libraries\STM32F0xx_StdPeriph_Driver\src\stm32f0xx_crc.o
LOAD Libraries\STM32F0xx_StdPeriph_Driver\src\stm32f0xx_comp.o
LOAD Libraries\STM32F0xx_StdPeriph_Driver\src\stm32f0xx_cec.o
LOAD Libraries\STM32F0xx_StdPeriph_Driver\src\stm32f0xx_adc.o
START GROUP
LOAD d:/gcc-arm-none-eabi-4_7-131005/bin/../lib/gcc/arm-none-eabi/4.7.4/armv6-m\libgcc.a
LOAD d:/gcc-arm-none-eabi-4_7-131005/bin/../lib/gcc/arm-none-eabi/4.7.4/../../../../arm-none-eabi/lib/armv6-m\libg.a
LOAD d:/gcc-arm-none-eabi-4_7-131005/bin/../lib/gcc/arm-none-eabi/4.7.4/../../../../arm-none-eabi/lib/armv6-m\libc.a
END GROUP
LOAD d:/gcc-arm-none-eabi-4_7-131005/bin/../lib/gcc/arm-none-eabi/4.7.4/armv6-m/crtend.o
LOAD d:/gcc-arm-none-eabi-4_7-131005/bin/../lib/gcc/arm-none-eabi/4.7.4/armv6-m/crtn.o
OUTPUT(STM32F0_Discovery_IO_Toggle.elf elf32-littlearm)

.comment        0x00000000       0x6a
 .comment       0x00000000       0x6a d:/gcc-arm-none-eabi-4_7-131005/bin/../lib/gcc/arm-none-eabi/4.7.4/armv6-m/crtbegin.o
                                 0x6b (size before relaxing)
 .comment       0x00000000       0x6b src\system_stm32f0xx.o
 .comment       0x00000000       0x6b src\stm32f0xx_it.o
 .comment       0x00000000       0x6b src\main.o
 .comment       0x00000000       0x6b src\init.o
 .comment       0x00000000       0x6b Libraries\STM32F0xx_StdPeriph_Driver\src\stm32f0xx_usart.o
 .comment       0x00000000       0x6b Libraries\STM32F0xx_StdPeriph_Driver\src\stm32f0xx_tim.o
 .comment       0x00000000       0x6b Libraries\STM32F0xx_StdPeriph_Driver\src\stm32f0xx_spi.o
 .comment       0x00000000       0x6b Libraries\STM32F0xx_StdPeriph_Driver\src\stm32f0xx_rcc.o
 .comment       0x00000000       0x6b Libraries\STM32F0xx_StdPeriph_Driver\src\stm32f0xx_misc.o
 .comment       0x00000000       0x6b Libraries\STM32F0xx_StdPeriph_Driver\src\stm32f0xx_iwdg.o
 .comment       0x00000000       0x6b Libraries\STM32F0xx_StdPeriph_Driver\src\stm32f0xx_gpio.o
 .comment       0x00000000       0x6b Libraries\STM32F0xx_StdPeriph_Driver\src\stm32f0xx_flash.o

.debug_info     0x00000000     0x7a3c
 .debug_info    0x00000000      0x2f3 src\system_stm32f0xx.o
 .debug_info    0x000002f3      0x127 src\stm32f0xx_it.o
 .debug_info    0x0000041a     0x11c5 src\main.o
 .debug_info    0x000015df      0xa5b src\init.o
 .debug_info    0x0000203a      0xf47 Libraries\STM32F0xx_StdPeriph_Driver\src\stm32f0xx_usart.o
 .debug_info    0x00002f81     0x1e91 Libraries\STM32F0xx_StdPeriph_Driver\src\stm32f0xx_tim.o
 .debug_info    0x00004e12      0xb5a Libraries\STM32F0xx_StdPeriph_Driver\src\stm32f0xx_spi.o
 .debug_info    0x0000596c      0xa67 Libraries\STM32F0xx_StdPeriph_Driver\src\stm32f0xx_rcc.o
 .debug_info    0x000063d3      0x39f Libraries\STM32F0xx_StdPeriph_Driver\src\stm32f0xx_misc.o
 .debug_info    0x00006772      0x225 Libraries\STM32F0xx_StdPeriph_Driver\src\stm32f0xx_iwdg.o
 .debug_info    0x00006997      0x61c Libraries\STM32F0xx_StdPeriph_Driver\src\stm32f0xx_gpio.o
 .debug_info    0x00006fb3      0x81c Libraries\STM32F0xx_StdPeriph_Driver\src\stm32f0xx_flash.o
 .debug_info    0x000077cf       0xcf d:/gcc-arm-none-eabi-4_7-131005/bin/../lib/gcc/arm-none-eabi/4.7.4/armv6-m\libgcc.a(_udivsi3.o)
 .debug_info    0x0000789e       0xcf d:/gcc-arm-none-eabi-4_7-131005/bin/../lib/gcc/arm-none-eabi/4.7.4/armv6-m\libgcc.a(_divsi3.o)
 .debug_info    0x0000796d       0xcf d:/gcc-arm-none-eabi-4_7-131005/bin/../lib/gcc/arm-none-eabi/4.7.4/armv6-m\libgcc.a(_dvmd_tls.o)

.debug_abbrev   0x00000000     0x1128
 .debug_abbrev  0x00000000      0x119 src\system_stm32f0xx.o
 .debug_abbrev  0x00000119       0x5c src\stm32f0xx_it.o
 .debug_abbrev  0x00000175      0x24d src\main.o
 .debug_abbrev  0x000003c2       0xf2 src\init.o
 .debug_abbrev  0x000004b4      0x160 Libraries\STM32F0xx_StdPeriph_Driver\src\stm32f0xx_usart.o
 .debug_abbrev  0x00000614      0x1aa Libraries\STM32F0xx_StdPeriph_Driver\src\stm32f0xx_tim.o
 .debug_abbrev  0x000007be      0x1a5 Libraries\STM32F0xx_StdPeriph_Driver\src\stm32f0xx_spi.o
 .debug_abbrev  0x00000963      0x1f0 Libraries\STM32F0xx_StdPeriph_Driver\src\stm32f0xx_rcc.o
 .debug_abbrev  0x00000b53      0x129 Libraries\STM32F0xx_StdPeriph_Driver\src\stm32f0xx_misc.o
 .debug_abbrev  0x00000c7c      0x110 Libraries\STM32F0xx_StdPeriph_Driver\src\stm32f0xx_iwdg.o
 .debug_abbrev  0x00000d8c      0x192 Libraries\STM32F0xx_StdPeriph_Driver\src\stm32f0xx_gpio.o
 .debug_abbrev  0x00000f1e      0x1ce Libraries\STM32F0xx_StdPeriph_Driver\src\stm32f0xx_flash.o
 .debug_abbrev  0x000010ec       0x14 d:/gcc-arm-none-eabi-4_7-131005/bin/../lib/gcc/arm-none-eabi/4.7.4/armv6-m\libgcc.a(_udivsi3.o)
 .debug_abbrev  0x00001100       0x14 d:/gcc-arm-none-eabi-4_7-131005/bin/../lib/gcc/arm-none-eabi/4.7.4/armv6-m\libgcc.a(_divsi3.o)
 .debug_abbrev  0x00001114       0x14 d:/gcc-arm-none-eabi-4_7-131005/bin/../lib/gcc/arm-none-eabi/4.7.4/armv6-m\libgcc.a(_dvmd_tls.o)

.debug_loc      0x00000000     0x3f52
 .debug_loc     0x00000000       0x9c src\system_stm32f0xx.o
 .debug_loc     0x0000009c      0x160 src\stm32f0xx_it.o
 .debug_loc     0x000001fc      0x3f8 src\main.o
 .debug_loc     0x000005f4       0x2c src\init.o
 .debug_loc     0x00000620      0xab8 Libraries\STM32F0xx_StdPeriph_Driver\src\stm32f0xx_usart.o
 .debug_loc     0x000010d8     0x1458 Libraries\STM32F0xx_StdPeriph_Driver\src\stm32f0xx_tim.o
 .debug_loc     0x00002530      0x6ca Libraries\STM32F0xx_StdPeriph_Driver\src\stm32f0xx_spi.o
 .debug_loc     0x00002bfa      0x864 Libraries\STM32F0xx_StdPeriph_Driver\src\stm32f0xx_rcc.o
 .debug_loc     0x0000345e       0xa8 Libraries\STM32F0xx_StdPeriph_Driver\src\stm32f0xx_misc.o
 .debug_loc     0x00003506      0x170 Libraries\STM32F0xx_StdPeriph_Driver\src\stm32f0xx_iwdg.o
 .debug_loc     0x00003676      0x2d8 Libraries\STM32F0xx_StdPeriph_Driver\src\stm32f0xx_gpio.o
 .debug_loc     0x0000394e      0x604 Libraries\STM32F0xx_StdPeriph_Driver\src\stm32f0xx_flash.o

.debug_aranges  0x00000000      0xab8
 .debug_aranges
                0x00000000       0x30 src\system_stm32f0xx.o
 .debug_aranges
                0x00000030       0x58 src\stm32f0xx_it.o
 .debug_aranges
                0x00000088       0xb0 src\main.o
 .debug_aranges
                0x00000138       0x20 src\init.o
 .debug_aranges
                0x00000158      0x1a0 Libraries\STM32F0xx_StdPeriph_Driver\src\stm32f0xx_usart.o
 .debug_aranges
                0x000002f8      0x300 Libraries\STM32F0xx_StdPeriph_Driver\src\stm32f0xx_tim.o
 .debug_aranges
                0x000005f8      0x110 Libraries\STM32F0xx_StdPeriph_Driver\src\stm32f0xx_spi.o
 .debug_aranges
                0x00000708      0x150 Libraries\STM32F0xx_StdPeriph_Driver\src\stm32f0xx_rcc.o
 .debug_aranges
                0x00000858       0x30 Libraries\STM32F0xx_StdPeriph_Driver\src\stm32f0xx_misc.o
 .debug_aranges
                0x00000888       0x50 Libraries\STM32F0xx_StdPeriph_Driver\src\stm32f0xx_iwdg.o
 .debug_aranges
                0x000008d8       0x80 Libraries\STM32F0xx_StdPeriph_Driver\src\stm32f0xx_gpio.o
 .debug_aranges
                0x00000958      0x100 Libraries\STM32F0xx_StdPeriph_Driver\src\stm32f0xx_flash.o
 .debug_aranges
                0x00000a58       0x20 d:/gcc-arm-none-eabi-4_7-131005/bin/../lib/gcc/arm-none-eabi/4.7.4/armv6-m\libgcc.a(_udivsi3.o)
 .debug_aranges
                0x00000a78       0x20 d:/gcc-arm-none-eabi-4_7-131005/bin/../lib/gcc/arm-none-eabi/4.7.4/armv6-m\libgcc.a(_divsi3.o)
 .debug_aranges
                0x00000a98       0x20 d:/gcc-arm-none-eabi-4_7-131005/bin/../lib/gcc/arm-none-eabi/4.7.4/armv6-m\libgcc.a(_dvmd_tls.o)

.debug_ranges   0x00000000      0x9b0
 .debug_ranges  0x00000000       0x20 src\system_stm32f0xx.o
 .debug_ranges  0x00000020       0x48 src\stm32f0xx_it.o
 .debug_ranges  0x00000068       0xb8 src\main.o
 .debug_ranges  0x00000120       0x10 src\init.o
 .debug_ranges  0x00000130      0x190 Libraries\STM32F0xx_StdPeriph_Driver\src\stm32f0xx_usart.o
 .debug_ranges  0x000002c0      0x2f0 Libraries\STM32F0xx_StdPeriph_Driver\src\stm32f0xx_tim.o
 .debug_ranges  0x000005b0      0x100 Libraries\STM32F0xx_StdPeriph_Driver\src\stm32f0xx_spi.o
 .debug_ranges  0x000006b0      0x140 Libraries\STM32F0xx_StdPeriph_Driver\src\stm32f0xx_rcc.o
 .debug_ranges  0x000007f0       0x20 Libraries\STM32F0xx_StdPeriph_Driver\src\stm32f0xx_misc.o
 .debug_ranges  0x00000810       0x40 Libraries\STM32F0xx_StdPeriph_Driver\src\stm32f0xx_iwdg.o
 .debug_ranges  0x00000850       0x70 Libraries\STM32F0xx_StdPeriph_Driver\src\stm32f0xx_gpio.o
 .debug_ranges  0x000008c0       0xf0 Libraries\STM32F0xx_StdPeriph_Driver\src\stm32f0xx_flash.o

.debug_line     0x00000000     0x3173
 .debug_line    0x00000000      0x180 src\system_stm32f0xx.o
 .debug_line    0x00000180       0xc4 src\stm32f0xx_it.o
 .debug_line    0x00000244      0x6e5 src\main.o
 .debug_line    0x00000929      0x241 src\init.o
 .debug_line    0x00000b6a      0x5bf Libraries\STM32F0xx_StdPeriph_Driver\src\stm32f0xx_usart.o
 .debug_line    0x00001129      0xa05 Libraries\STM32F0xx_StdPeriph_Driver\src\stm32f0xx_tim.o
 .debug_line    0x00001b2e      0x470 Libraries\STM32F0xx_StdPeriph_Driver\src\stm32f0xx_spi.o
 .debug_line    0x00001f9e      0x4f9 Libraries\STM32F0xx_StdPeriph_Driver\src\stm32f0xx_rcc.o
 .debug_line    0x00002497      0x235 Libraries\STM32F0xx_StdPeriph_Driver\src\stm32f0xx_misc.o
 .debug_line    0x000026cc      0x1b8 Libraries\STM32F0xx_StdPeriph_Driver\src\stm32f0xx_iwdg.o
 .debug_line    0x00002884      0x2d4 Libraries\STM32F0xx_StdPeriph_Driver\src\stm32f0xx_gpio.o
 .debug_line    0x00002b58      0x46a Libraries\STM32F0xx_StdPeriph_Driver\src\stm32f0xx_flash.o
 .debug_line    0x00002fc2       0x94 d:/gcc-arm-none-eabi-4_7-131005/bin/../lib/gcc/arm-none-eabi/4.7.4/armv6-m\libgcc.a(_udivsi3.o)
 .debug_line    0x00003056       0xa1 d:/gcc-arm-none-eabi-4_7-131005/bin/../lib/gcc/arm-none-eabi/4.7.4/armv6-m\libgcc.a(_divsi3.o)
 .debug_line    0x000030f7       0x7c d:/gcc-arm-none-eabi-4_7-131005/bin/../lib/gcc/arm-none-eabi/4.7.4/armv6-m\libgcc.a(_dvmd_tls.o)

.debug_str      0x00000000     0x2e23
 .debug_str     0x00000000      0x1c9 src\system_stm32f0xx.o
                                0x215 (size before relaxing)
 .debug_str     0x000001c9       0x91 src\stm32f0xx_it.o
                                0x17b (size before relaxing)
 .debug_str     0x0000025a      0xa8b src\main.o
                                0xbc6 (size before relaxing)
 .debug_str     0x00000ce5      0x1f6 src\init.o
                                0x830 (size before relaxing)
 .debug_str     0x00000edb      0x6a3 Libraries\STM32F0xx_StdPeriph_Driver\src\stm32f0xx_usart.o
                                0x905 (size before relaxing)
 .debug_str     0x0000157e      0x9c1 Libraries\STM32F0xx_StdPeriph_Driver\src\stm32f0xx_tim.o
                                0xd90 (size before relaxing)
 .debug_str     0x00001f3f      0x3a4 Libraries\STM32F0xx_StdPeriph_Driver\src\stm32f0xx_spi.o
                                0x6b0 (size before relaxing)
 .debug_str     0x000022e3      0x42f Libraries\STM32F0xx_StdPeriph_Driver\src\stm32f0xx_rcc.o
                                0x6d7 (size before relaxing)
 .debug_str     0x00002712      0x112 Libraries\STM32F0xx_StdPeriph_Driver\src\stm32f0xx_misc.o
                                0x2b3 (size before relaxing)
 .debug_str     0x00002824       0xf4 Libraries\STM32F0xx_StdPeriph_Driver\src\stm32f0xx_iwdg.o
                                0x226 (size before relaxing)
 .debug_str     0x00002918      0x186 Libraries\STM32F0xx_StdPeriph_Driver\src\stm32f0xx_gpio.o
                                0x43e (size before relaxing)
 .debug_str     0x00002a9e      0x385 Libraries\STM32F0xx_StdPeriph_Driver\src\stm32f0xx_flash.o
                                0x531 (size before relaxing)

.debug_frame    0x00000000     0x2578
 .debug_frame   0x00000000       0x6c src\system_stm32f0xx.o
 .debug_frame   0x0000006c       0xf0 src\stm32f0xx_it.o
 .debug_frame   0x0000015c      0x260 src\main.o
 .debug_frame   0x000003bc       0x2c src\init.o
 .debug_frame   0x000003e8      0x630 Libraries\STM32F0xx_StdPeriph_Driver\src\stm32f0xx_usart.o
 .debug_frame   0x00000a18      0xbb0 Libraries\STM32F0xx_StdPeriph_Driver\src\stm32f0xx_tim.o
 .debug_frame   0x000015c8      0x3f0 Libraries\STM32F0xx_StdPeriph_Driver\src\stm32f0xx_spi.o
 .debug_frame   0x000019b8      0x4e4 Libraries\STM32F0xx_StdPeriph_Driver\src\stm32f0xx_rcc.o
 .debug_frame   0x00001e9c       0x70 Libraries\STM32F0xx_StdPeriph_Driver\src\stm32f0xx_misc.o
 .debug_frame   0x00001f0c       0xe8 Libraries\STM32F0xx_StdPeriph_Driver\src\stm32f0xx_iwdg.o
 .debug_frame   0x00001ff4      0x1b0 Libraries\STM32F0xx_StdPeriph_Driver\src\stm32f0xx_gpio.o
 .debug_frame   0x000021a4      0x394 Libraries\STM32F0xx_StdPeriph_Driver\src\stm32f0xx_flash.o
 .debug_frame   0x00002538       0x20 d:/gcc-arm-none-eabi-4_7-131005/bin/../lib/gcc/arm-none-eabi/4.7.4/armv6-m\libgcc.a(_udivsi3.o)
 .debug_frame   0x00002558       0x20 d:/gcc-arm-none-eabi-4_7-131005/bin/../lib/gcc/arm-none-eabi/4.7.4/armv6-m\libgcc.a(_divsi3.o)
