Archive member included because of file (symbol)

d:/gcc-arm-none-eabi-4_7-131005/bin/../lib/gcc/arm-none-eabi/4.7.4/../../../../arm-none-eabi/lib/armv6-m\libc.a(lib_a-__atexit.o)
                              d:/gcc-arm-none-eabi-4_7-131005/bin/../lib/gcc/arm-none-eabi/4.7.4/../../../../arm-none-eabi/lib/armv6-m/crt0.o (__register_exitproc)
d:/gcc-arm-none-eabi-4_7-131005/bin/../lib/gcc/arm-none-eabi/4.7.4/../../../../arm-none-eabi/lib/armv6-m\libc.a(lib_a-exit.o)
                              d:/gcc-arm-none-eabi-4_7-131005/bin/../lib/gcc/arm-none-eabi/4.7.4/../../../../arm-none-eabi/lib/armv6-m/crt0.o (exit)
d:/gcc-arm-none-eabi-4_7-131005/bin/../lib/gcc/arm-none-eabi/4.7.4/../../../../arm-none-eabi/lib/armv6-m\libc.a(lib_a-fini.o)
                              d:/gcc-arm-none-eabi-4_7-131005/bin/../lib/gcc/arm-none-eabi/4.7.4/../../../../arm-none-eabi/lib/armv6-m/crt0.o (__libc_fini_array)
d:/gcc-arm-none-eabi-4_7-131005/bin/../lib/gcc/arm-none-eabi/4.7.4/../../../../arm-none-eabi/lib/armv6-m\libc.a(lib_a-impure.o)
                              d:/gcc-arm-none-eabi-4_7-131005/bin/../lib/gcc/arm-none-eabi/4.7.4/../../../../arm-none-eabi/lib/armv6-m\libc.a(lib_a-__atexit.o) (_global_impure_ptr)
d:/gcc-arm-none-eabi-4_7-131005/bin/../lib/gcc/arm-none-eabi/4.7.4/../../../../arm-none-eabi/lib/armv6-m\libc.a(lib_a-init.o)
                              d:/gcc-arm-none-eabi-4_7-131005/bin/../lib/gcc/arm-none-eabi/4.7.4/../../../../arm-none-eabi/lib/armv6-m/crt0.o (__libc_init_array)
d:/gcc-arm-none-eabi-4_7-131005/bin/../lib/gcc/arm-none-eabi/4.7.4/../../../../arm-none-eabi/lib/armv6-m\libc.a(lib_a-memset.o)
                              d:/gcc-arm-none-eabi-4_7-131005/bin/../lib/gcc/arm-none-eabi/4.7.4/../../../../arm-none-eabi/lib/armv6-m/crt0.o (memset)
d:/gcc-arm-none-eabi-4_7-131005/bin/../lib/gcc/arm-none-eabi/4.7.4/../../../../arm-none-eabi/lib/armv6-m\libc.a(lib_a-__call_atexit.o)
                              d:/gcc-arm-none-eabi-4_7-131005/bin/../lib/gcc/arm-none-eabi/4.7.4/../../../../arm-none-eabi/lib/armv6-m\libc.a(lib_a-exit.o) (__call_exitprocs)
d:/gcc-arm-none-eabi-4_7-131005/bin/../lib/gcc/arm-none-eabi/4.7.4/armv6-m\libgcc.a(_udivsi3.o)
                              src\system_stm32f0xx.o (__aeabi_uidiv)
d:/gcc-arm-none-eabi-4_7-131005/bin/../lib/gcc/arm-none-eabi/4.7.4/armv6-m\libgcc.a(_divsi3.o)
                              src\main.o (__aeabi_idiv)
d:/gcc-arm-none-eabi-4_7-131005/bin/../lib/gcc/arm-none-eabi/4.7.4/armv6-m\libgcc.a(_dvmd_tls.o)
                              d:/gcc-arm-none-eabi-4_7-131005/bin/../lib/gcc/arm-none-eabi/4.7.4/armv6-m\libgcc.a(_udivsi3.o) (__aeabi_idiv0)
d:/gcc-arm-none-eabi-4_7-131005/bin/../lib/gcc/arm-none-eabi/4.7.4/../../../../arm-none-eabi/lib/armv6-m\libg.a(lib_a-reent.o)
                              src\syscalls.o (errno)
d:/gcc-arm-none-eabi-4_7-131005/bin/../lib/gcc/arm-none-eabi/4.7.4/../../../../arm-none-eabi/lib/armv6-m\libg.a(lib_a-freer.o)
                              d:/gcc-arm-none-eabi-4_7-131005/bin/../lib/gcc/arm-none-eabi/4.7.4/../../../../arm-none-eabi/lib/armv6-m\libg.a(lib_a-reent.o) (_free_r)
d:/gcc-arm-none-eabi-4_7-131005/bin/../lib/gcc/arm-none-eabi/4.7.4/../../../../arm-none-eabi/lib/armv6-m\libg.a(lib_a-mallocr.o)
                              d:/gcc-arm-none-eabi-4_7-131005/bin/../lib/gcc/arm-none-eabi/4.7.4/../../../../arm-none-eabi/lib/armv6-m\libg.a(lib_a-freer.o) (__malloc_current_mallinfo)
d:/gcc-arm-none-eabi-4_7-131005/bin/../lib/gcc/arm-none-eabi/4.7.4/../../../../arm-none-eabi/lib/armv6-m\libg.a(lib_a-mlock.o)
                              d:/gcc-arm-none-eabi-4_7-131005/bin/../lib/gcc/arm-none-eabi/4.7.4/../../../../arm-none-eabi/lib/armv6-m\libg.a(lib_a-freer.o) (__malloc_lock)
d:/gcc-arm-none-eabi-4_7-131005/bin/../lib/gcc/arm-none-eabi/4.7.4/../../../../arm-none-eabi/lib/armv6-m\libg.a(lib_a-sbrkr.o)
                              d:/gcc-arm-none-eabi-4_7-131005/bin/../lib/gcc/arm-none-eabi/4.7.4/../../../../arm-none-eabi/lib/armv6-m\libg.a(lib_a-freer.o) (_sbrk_r)

Allocating common symbols
Common symbol       size              file

USART_ClockInitStruct
                    0x10              src\main.o
pre_time            0x4               src\main.o
TIM_TimeBaseStructure
                    0xc               src\main.o
errno               0x4               d:/gcc-arm-none-eabi-4_7-131005/bin/../lib/gcc/arm-none-eabi/4.7.4/../../../../arm-none-eabi/lib/armv6-m\libg.a(lib_a-reent.o)
display_data        0x4               src\main.o
cool_time           0x4               src\main.o
state               0x1               src\main.o
prev_status         0x4               src\main.o
TimingDelay         0x4               src\main.o
Gv_SystickCounter   0x4               src\main.o
service_mode        0x1               src\main.o
curr_time           0x4               src\main.o
digits              0x3               src\main.o
SPI_InitStruct      0x12              src\main.o
main_time           0x4               src\main.o
[...]
Memory Configuration

Name             Origin             Length             Attributes
FLASH            0x08000000         0x00003800         xr
EEPROM           0x08003800         0x00000800         xr
RAM              0x20000000         0x00002000         xrw
MEMORY_B1        0x60000000         0x00000000         xr
*default*        0x00000000         0xffffffff

Linker script and memory map

LOAD d:/gcc-arm-none-eabi-4_7-131005/bin/../lib/gcc/arm-none-eabi/4.7.4/armv6-m/crti.o
LOAD d:/gcc-arm-none-eabi-4_7-131005/bin/../lib/gcc/arm-none-eabi/4.7.4/armv6-m/crtbegin.o
LOAD d:/gcc-arm-none-eabi-4_7-131005/bin/../lib/gcc/arm-none-eabi/4.7.4/../../../../arm-none-eabi/lib/armv6-m/crt0.o
                0x20002000                _estack = 0x20002000
                0x00000000                _Min_Heap_Size = 0x0
                0x00000080                _Min_Stack_Size = 0x80

.isr_vector     0x08000000       0xc4
                0x08000000                . = ALIGN (0x4)
 *(.isr_vector)
 .isr_vector    0x08000000       0xc4 src\startup_stm32f0xx.o
                0x08000000                g_pfnVectors
                0x080000c4                . = ALIGN (0x4)

.text           0x080000c4     0x2d3c
                0x080000c4                . = ALIGN (0x4)
 *(.text)
 .text          0x080000c4       0x60 d:/gcc-arm-none-eabi-4_7-131005/bin/../lib/gcc/arm-none-eabi/4.7.4/armv6-m/crtbegin.o
 .text          0x08000124       0x9c d:/gcc-arm-none-eabi-4_7-131005/bin/../lib/gcc/arm-none-eabi/4.7.4/armv6-m\libgcc.a(_udivsi3.o)
                0x08000124                __aeabi_uidiv
                0x08000124                __udivsi3
                0x080001ac                __aeabi_uidivmod
 .text          0x080001c0       0xc0 d:/gcc-arm-none-eabi-4_7-131005/bin/../lib/gcc/arm-none-eabi/4.7.4/armv6-m\libgcc.a(_divsi3.o)
                0x080001c0                __divsi3
                0x080001c0                __aeabi_idiv
                0x0800026c                __aeabi_idivmod
 .text          0x08000280        0x4 d:/gcc-arm-none-eabi-4_7-131005/bin/../lib/gcc/arm-none-eabi/4.7.4/armv6-m\libgcc.a(_dvmd_tls.o)
                0x08000280                __aeabi_idiv0
                0x08000280                __aeabi_ldiv0
 *(.text*)
 .text.__libc_init_array
                0x08000284       0x90 d:/gcc-arm-none-eabi-4_7-131005/bin/../lib/gcc/arm-none-eabi/4.7.4/../../../../arm-none-eabi/lib/armv6-m\libc.a(lib_a-init.o)
                0x08000284                __libc_init_array
 .text.SystemInit
                0x08000314       0x8c src\system_stm32f0xx.o
                0x08000314                SystemInit
 .text.SetSysClock
                0x080003a0       0x94 src\system_stm32f0xx.o
 .text.NMI_Handler
                0x08000434        0x8 src\stm32f0xx_it.o
                0x08000434                NMI_Handler
 .text.HardFault_Handler
                0x0800043c        0x8 src\stm32f0xx_it.o
                0x0800043c                HardFault_Handler
 .text.SVC_Handler
                0x08000444        0x8 src\stm32f0xx_it.o
                0x08000444                SVC_Handler
 .text.PendSV_Handler
                0x0800044c        0x8 src\stm32f0xx_it.o
                0x0800044c                PendSV_Handler
 .text.SysTick_Handler
                0x08000454        0xc src\stm32f0xx_it.o
                0x08000454                SysTick_Handler
 .text.TS_IRQHandler
                0x08000460        0x8 src\stm32f0xx_it.o
                0x08000460                TS_IRQHandler
 .text.USART1_IRQHandler
                0x08000468        0xc src\stm32f0xx_it.o
                0x08000468                USART1_IRQHandler
 .text.USART2_IRQHandler
                0x08000474        0xc src\stm32f0xx_it.o
                0x08000474                USART2_IRQHandler
 .text.Reset_Handler
                0x08000480       0x50 src\startup_stm32f0xx.o
                0x08000480                Reset_Handler
 .text.Default_Handler
                0x080004d0        0x2 src\startup_stm32f0xx.o
                0x080004d0                TIM1_CC_IRQHandler
                0x080004d0                ADC1_COMP_IRQHandler
                0x080004d0                PVD_IRQHandler
                0x080004d0                I2C1_IRQHandler
                0x080004d0                SPI1_IRQHandler
                0x080004d0                TIM6_DAC_IRQHandler
                0x080004d0                EXTI2_3_IRQHandler
                0x080004d0                I2C2_IRQHandler
                0x080004d0                TIM17_IRQHandler
                0x080004d0                RTC_IRQHandler
                0x080004d0                TIM16_IRQHandler
                0x080004d0                TIM3_IRQHandler
                0x080004d0                EXTI4_15_IRQHandler
                0x080004d0                RCC_IRQHandler
                0x080004d0                DMA1_Channel1_IRQHandler
                0x080004d0                Default_Handler
                0x080004d0                CEC_IRQHandler
                0x080004d0                TIM14_IRQHandler
                0x080004d0                DMA1_Channel4_5_IRQHandler
                0x080004d0                TIM15_IRQHandler
                0x080004d0                SPI2_IRQHandler
                0x080004d0                WWDG_IRQHandler
                0x080004d0                TIM2_IRQHandler
                0x080004d0                DMA1_Channel2_3_IRQHandler
                0x080004d0                FLASH_IRQHandler
                0x080004d0                TIM1_BRK_UP_TRG_COM_IRQHandler
 *fill*         0x080004d2        0x2 
 .text.NVIC_SetPriority
                0x080004d4       0xe0 src\main.o
 .text.SysTick_Config
                0x080005b4       0x4c src\main.o
 .text.show_level
                0x08000600      0x19c src\main.o
                0x08000600                show_level
 .text.show_digit
                0x0800079c      0x244 src\main.o
                0x0800079c                show_digit
 .text.main     0x080009e0      0x5dc src\main.o
                0x080009e0                main
 .text.EXTI0_1_IRQHandler
                0x08000fbc       0x38 src\main.o
                0x08000fbc                EXTI0_1_IRQHandler
 .text.ToBCD    0x08000ff4       0x80 src\main.o
                0x08000ff4                ToBCD
 .text.ProcessButtons
                0x08001074      0x66c src\main.o
                0x08001074                ProcessButtons
 .text.update_status
                0x080016e0       0x70 src\main.o
                0x080016e0                update_status
 .text.TimingDelay_Decrement
                0x08001750      0x10c src\main.o
                0x08001750                TimingDelay_Decrement
 .text.read_eeprom
                0x0800185c       0xa8 src\main.o
                0x0800185c                read_eeprom
 .text.write_eeprom
                0x08001904      0x150 src\main.o
                0x08001904                write_eeprom
 .text.set_lamps
                0x08001a54       0x2c src\main.o
                0x08001a54                set_lamps
 .text.set_colarium_lamps
                0x08001a80       0x2c src\main.o
                0x08001a80                set_colarium_lamps
 .text.set_fan2
                0x08001aac       0x2c src\main.o
                0x08001aac                set_fan2
 .text.set_fan1
                0x08001ad8       0x28 src\main.o
                0x08001ad8                set_fan1
 .text.set_aquafresh
                0x08001b00       0x10 src\main.o
                0x08001b00                set_aquafresh
 .text.usart_receive
                0x08001b10      0x238 src\main.o
                0x08001b10                usart_receive
 .text.init_periph
                0x08001d48      0x330 src\init.o
                0x08001d48                init_periph
 .text.USART_Init
                0x08002078      0x160 Libraries\STM32F0xx_StdPeriph_Driver\src\stm32f0xx_usart.o
                0x08002078                USART_Init
 .text.USART_Cmd
                0x080021d8       0x3c Libraries\STM32F0xx_StdPeriph_Driver\src\stm32f0xx_usart.o
                0x080021d8                USART_Cmd
 .text.USART_SendData
                0x08002214       0x24 Libraries\STM32F0xx_StdPeriph_Driver\src\stm32f0xx_usart.o
                0x08002214                USART_SendData
 .text.USART_ReceiveData
                0x08002238       0x1c Libraries\STM32F0xx_StdPeriph_Driver\src\stm32f0xx_usart.o
                0x08002238                USART_ReceiveData
 .text.USART_ITConfig
                0x08002254       0x84 Libraries\STM32F0xx_StdPeriph_Driver\src\stm32f0xx_usart.o
                0x08002254                USART_ITConfig
 .text.SYSCFG_EXTILineConfig
                0x080022d8       0x90 Libraries\STM32F0xx_StdPeriph_Driver\src\stm32f0xx_syscfg.o
                0x080022d8                SYSCFG_EXTILineConfig
 .text.SPI_StructInit
                0x08002368       0x48 Libraries\STM32F0xx_StdPeriph_Driver\src\stm32f0xx_spi.o
                0x08002368                SPI_StructInit
 .text.SPI_Init
                0x080023b0      0x104 Libraries\STM32F0xx_StdPeriph_Driver\src\stm32f0xx_spi.o
                0x080023b0                SPI_Init
 .text.SPI_Cmd  0x080024b4       0x40 Libraries\STM32F0xx_StdPeriph_Driver\src\stm32f0xx_spi.o
                0x080024b4                SPI_Cmd
 .text.RCC_GetClocksFreq
                0x080024f4      0x1cc Libraries\STM32F0xx_StdPeriph_Driver\src\stm32f0xx_rcc.o
                0x080024f4                RCC_GetClocksFreq
 .text.RCC_AHBPeriphClockCmd
                0x080026c0       0x3c Libraries\STM32F0xx_StdPeriph_Driver\src\stm32f0xx_rcc.o
                0x080026c0                RCC_AHBPeriphClockCmd
 .text.RCC_APB2PeriphClockCmd
                0x080026fc       0x3c Libraries\STM32F0xx_StdPeriph_Driver\src\stm32f0xx_rcc.o
                0x080026fc                RCC_APB2PeriphClockCmd
 .text.RCC_APB1PeriphClockCmd
                0x08002738       0x3c Libraries\STM32F0xx_StdPeriph_Driver\src\stm32f0xx_rcc.o
                0x08002738                RCC_APB1PeriphClockCmd
 .text.NVIC_Init
                0x08002774       0xac Libraries\STM32F0xx_StdPeriph_Driver\src\stm32f0xx_misc.o
                0x08002774                NVIC_Init
 .text.IWDG_ReloadCounter
                0x08002820       0x18 Libraries\STM32F0xx_StdPeriph_Driver\src\stm32f0xx_iwdg.o
                0x08002820                IWDG_ReloadCounter
 .text.GPIO_Init
                0x08002838      0x138 Libraries\STM32F0xx_StdPeriph_Driver\src\stm32f0xx_gpio.o
                0x08002838                GPIO_Init
 .text.GPIO_PinAFConfig
                0x08002970       0x9c Libraries\STM32F0xx_StdPeriph_Driver\src\stm32f0xx_gpio.o
                0x08002970                GPIO_PinAFConfig
 .text.FLASH_Unlock
                0x08002a0c       0x2c Libraries\STM32F0xx_StdPeriph_Driver\src\stm32f0xx_flash.o
                0x08002a0c                FLASH_Unlock
 .text.FLASH_ErasePage
                0x08002a38       0x7c Libraries\STM32F0xx_StdPeriph_Driver\src\stm32f0xx_flash.o
                0x08002a38                FLASH_ErasePage
 .text.FLASH_ProgramWord
                0x08002ab4       0xb0 Libraries\STM32F0xx_StdPeriph_Driver\src\stm32f0xx_flash.o
                0x08002ab4                FLASH_ProgramWord
 .text.FLASH_GetStatus
                0x08002b64       0x58 Libraries\STM32F0xx_StdPeriph_Driver\src\stm32f0xx_flash.o
                0x08002b64                FLASH_GetStatus
 .text.FLASH_WaitForLastOperation
                0x08002bbc       0x5c Libraries\STM32F0xx_StdPeriph_Driver\src\stm32f0xx_flash.o
                0x08002bbc                FLASH_WaitForLastOperation
 .text.EXTI_Init
                0x08002c18       0xd8 Libraries\STM32F0xx_StdPeriph_Driver\src\stm32f0xx_exti.o
                0x08002c18                EXTI_Init
 .text.EXTI_GetITStatus
                0x08002cf0       0x54 Libraries\STM32F0xx_StdPeriph_Driver\src\stm32f0xx_exti.o
                0x08002cf0                EXTI_GetITStatus
 .text.EXTI_ClearITPendingBit
                0x08002d44       0x18 Libraries\STM32F0xx_StdPeriph_Driver\src\stm32f0xx_exti.o
                0x08002d44                EXTI_ClearITPendingBit
 *(.rodata)
 .rodata        0x08002d5c       0x8c src\main.o
 *(.rodata*)
 *(.glue_7)
 .glue_7        0x00000000        0x0 linker stubs
 *(.glue_7t)
 .glue_7t       0x00000000        0x0 linker stubs
 *(.eh_frame)
 .eh_frame      0x08002de8        0x0 d:/gcc-arm-none-eabi-4_7-131005/bin/../lib/gcc/arm-none-eabi/4.7.4/armv6-m/crtbegin.o
 *(.init)
 .init          0x08002de8        0x4 d:/gcc-arm-none-eabi-4_7-131005/bin/../lib/gcc/arm-none-eabi/4.7.4/armv6-m/crti.o
                0x08002de8                _init
 .init          0x08002dec        0x8 d:/gcc-arm-none-eabi-4_7-131005/bin/../lib/gcc/arm-none-eabi/4.7.4/armv6-m/crtn.o
 *(.fini)
 .fini          0x08002df4        0x4 d:/gcc-arm-none-eabi-4_7-131005/bin/../lib/gcc/arm-none-eabi/4.7.4/armv6-m/crti.o
                0x08002df4                _fini
 .fini          0x08002df8        0x8 d:/gcc-arm-none-eabi-4_7-131005/bin/../lib/gcc/arm-none-eabi/4.7.4/armv6-m/crtn.o
                0x08002e00                . = ALIGN (0x4)
                0x08002e00                _etext = .

.vfp11_veneer   0x08002e00        0x0
 .vfp11_veneer  0x00000000        0x0 linker stubs

.v4_bx          0x08002e00        0x0
 .v4_bx         0x00000000        0x0 linker stubs

.iplt           0x08002e00        0x0
 .iplt          0x00000000        0x0 d:/gcc-arm-none-eabi-4_7-131005/bin/../lib/gcc/arm-none-eabi/4.7.4/armv6-m/crtbegin.o

.rel.dyn        0x08002e00        0x0
 .rel.iplt      0x00000000        0x0 d:/gcc-arm-none-eabi-4_7-131005/bin/../lib/gcc/arm-none-eabi/4.7.4/armv6-m/crtbegin.o

.ARM.extab
 *(.ARM.extab* .gnu.linkonce.armextab.*)

.ARM            0x08002e00        0x0
                0x08002e00                __exidx_start = .
 *(.ARM.exidx*)
                0x08002e00                __exidx_end = .

.preinit_array  0x08002e00        0x0
                0x08002e00                PROVIDE (__preinit_array_start, .)
 *(.preinit_array*)
                0x08002e00                PROVIDE (__preinit_array_end, .)

.init_array     0x08002e00        0x4
                0x08002e00                PROVIDE (__init_array_start, .)
 *(SORT(.init_array.*))
 *(.init_array*)
 .init_array    0x08002e00        0x4 d:/gcc-arm-none-eabi-4_7-131005/bin/../lib/gcc/arm-none-eabi/4.7.4/armv6-m/crtbegin.o
                0x08002e04                PROVIDE (__init_array_end, .)

.fini_array     0x08002e04        0x4
                0x08002e04                PROVIDE (__fini_array_start, .)
 *(SORT(.fini_array.*))
 *(.fini_array*)
 .fini_array    0x08002e04        0x4 d:/gcc-arm-none-eabi-4_7-131005/bin/../lib/gcc/arm-none-eabi/4.7.4/armv6-m/crtbegin.o
                0x08002e08                PROVIDE (__fini_array_end, .)
                0x08002e08                _sidata = LOADADDR (.data)

.data           0x20000000       0x44 load address 0x08002e08
                0x20000000                . = ALIGN (0x4)
                0x20000000                _sdata = .
 *(.data)
 .data          0x20000000       0x14 src\system_stm32f0xx.o
                0x20000000                SystemCoreClock
                0x20000004                AHBPrescTable
 .data          0x20000014       0x20 src\main.o
                0x20000014                controller_address
                0x20000018                work_hours
                0x20000024                preset_pre_time
                0x20000025                preset_cool_time
                0x20000028                Gv_UART_Timeout
                0x2000002c                volume_level
                0x20000030                fan_level
 .data          0x20000034       0x10 Libraries\STM32F0xx_StdPeriph_Driver\src\stm32f0xx_rcc.o
 *(.data*)
                0x20000044                . = ALIGN (0x4)
                0x20000044                _edata = .

.jcr            0x20000044        0x0 load address 0x08002e4c
 .jcr           0x20000044        0x0 d:/gcc-arm-none-eabi-4_7-131005/bin/../lib/gcc/arm-none-eabi/4.7.4/armv6-m/crtbegin.o

.igot.plt       0x20000044        0x0 load address 0x08002e4c
 .igot.plt      0x00000000        0x0 d:/gcc-arm-none-eabi-4_7-131005/bin/../lib/gcc/arm-none-eabi/4.7.4/armv6-m/crtbegin.o
                0x20000044                . = ALIGN (0x4)

.bss            0x20000044      0x120 load address 0x08002e4c
                0x20000044                _sbss = .
                0x20000044                __bss_start__ = _sbss
 *(.bss)
 .bss           0x20000044       0x1c d:/gcc-arm-none-eabi-4_7-131005/bin/../lib/gcc/arm-none-eabi/4.7.4/armv6-m/crtbegin.o
 .bss           0x20000060       0x58 src\main.o
                0x20000060                flash_mode
                0x20000064                data
                0x20000066                time_to_set
                0x20000068                start_counter
                0x2000006c                last_button
                0x20000070                prev_button
                0x20000074                Gv_miliseconds
                0x20000078                pre_time_sent
                0x2000007c                main_time_sent
                0x20000080                cool_time_sent
                0x20000084                rx_state
                0x20000088                percent_aquafresh
                0x2000008c                percent_licevi
                0x20000090                percent_fan1
                0x20000094                percent_fan2
                0x20000098                minute_counter
                0x2000009c                zero_crossed
                0x200000a0                aqua_fresh_level
                0x200000a4                refresh_counter
                0x200000a8                flash_counter
                0x200000ac                led_counter
                0x200000b0                digit_num
 *(.bss*)
 *(COMMON)
 COMMON         0x200000b8       0xac src\main.o
                0x200000b8                USART_ClockInitStruct
                0x200000c8                pre_time
                0x200000cc                TIM_TimeBaseStructure
                0x200000d8                display_data
                0x200000dc                cool_time
                0x200000e0                state
                0x200000e4                prev_status
                0x200000e8                TimingDelay
                0x200000ec                Gv_SystickCounter
                0x200000f0                service_mode
                0x200000f4                curr_time
                0x200000f8                digits
                0x200000fc                SPI_InitStruct
                0x20000110                main_time
                0x20000114                TIM_OCInitStructure
                0x20000128                curr_status
                0x2000012c                GPIO_InitStructure
                0x20000134                USART_InitStructure
                0x2000014c                TIM_ICInitStructure
                0x20000158                NVIC_InitStructure
                0x2000015c                EXTI_InitStructure
                0x20000164                . = ALIGN (0x4)
                0x20000164                _ebss = .
                0x20000164                __bss_end__ = _ebss

._user_heap_stack
                0x20000164       0x80 load address 0x08002e4c
                0x20000164                . = ALIGN (0x4)
                0x20000164                PROVIDE (end, .)
                0x20000164                PROVIDE (_end, .)
                0x20000164                . = (. + _Min_Heap_Size)
                0x200001e4                . = (. + _Min_Stack_Size)
 *fill*         0x20000164       0x80 
                0x200001e4                . = ALIGN (0x4)

.eeprom1text    0x08003800      0x800
 *(.eeprom1text)
 .eeprom1text   0x08003800      0x800 src\main.o
                0x08003800                eeprom_array

.memory_b1_text
 *(.mb1text)
 *(.mb1text*)
 *(.mb1rodata)
 *(.mb1rodata*)

/DISCARD/
 libc.a(*)
 libm.a(*)
 libgcc.a(*)

.ARM.attributes
                0x00000000       0x28
 *(.ARM.attributes)
 .ARM.attributes
                0x00000000       0x1e d:/gcc-arm-none-eabi-4_7-131005/bin/../lib/gcc/arm-none-eabi/4.7.4/armv6-m/crti.o
 .ARM.attributes
                0x0000001e       0x2c d:/gcc-arm-none-eabi-4_7-131005/bin/../lib/gcc/arm-none-eabi/4.7.4/armv6-m/crtbegin.o
 .ARM.attributes
                0x0000004a       0x31 src\system_stm32f0xx.o
 .ARM.attributes
                0x0000007b       0x31 src\stm32f0xx_it.o
 .ARM.attributes
                0x000000ac       0x21 src\startup_stm32f0xx.o
 .ARM.attributes
                0x000000cd       0x31 src\main.o
 .ARM.attributes
                0x000000fe       0x31 src\init.o
 .ARM.attributes
                0x0000012f       0x31 Libraries\STM32F0xx_StdPeriph_Driver\src\stm32f0xx_usart.o
 .ARM.attributes
                0x00000160       0x31 Libraries\STM32F0xx_StdPeriph_Driver\src\stm32f0xx_syscfg.o
 .ARM.attributes
                0x00000191       0x31 Libraries\STM32F0xx_StdPeriph_Driver\src\stm32f0xx_spi.o
 .ARM.attributes
                0x000001c2       0x31 Libraries\STM32F0xx_StdPeriph_Driver\src\stm32f0xx_rcc.o
 .ARM.attributes
                0x000001f3       0x31 Libraries\STM32F0xx_StdPeriph_Driver\src\stm32f0xx_misc.o
 .ARM.attributes
                0x00000224       0x31 Libraries\STM32F0xx_StdPeriph_Driver\src\stm32f0xx_iwdg.o
 .ARM.attributes
                0x00000255       0x31 Libraries\STM32F0xx_StdPeriph_Driver\src\stm32f0xx_gpio.o
 .ARM.attributes
                0x00000286       0x31 Libraries\STM32F0xx_StdPeriph_Driver\src\stm32f0xx_flash.o
 .ARM.attributes
                0x000002b7       0x31 Libraries\STM32F0xx_StdPeriph_Driver\src\stm32f0xx_exti.o
 .ARM.attributes
                0x000002e8       0x1e d:/gcc-arm-none-eabi-4_7-131005/bin/../lib/gcc/arm-none-eabi/4.7.4/armv6-m\libgcc.a(_udivsi3.o)
 .ARM.attributes
                0x00000306       0x1e d:/gcc-arm-none-eabi-4_7-131005/bin/../lib/gcc/arm-none-eabi/4.7.4/armv6-m\libgcc.a(_divsi3.o)
 .ARM.attributes
                0x00000324       0x1e d:/gcc-arm-none-eabi-4_7-131005/bin/../lib/gcc/arm-none-eabi/4.7.4/armv6-m\libgcc.a(_dvmd_tls.o)
 .ARM.attributes
                0x00000342       0x1e d:/gcc-arm-none-eabi-4_7-131005/bin/../lib/gcc/arm-none-eabi/4.7.4/armv6-m/crtn.o
LOAD src\system_stm32f0xx.o
LOAD src\syscalls.o
LOAD src\stm32f0xx_it.o
LOAD src\startup_stm32f0xx.o
LOAD src\main.o
LOAD src\init.o
LOAD Utilities\STM32F0-Discovery\stm32f0_discovery.o
LOAD Libraries\STM32F0xx_StdPeriph_Driver\src\stm32f0xx_wwdg.o
LOAD Libraries\STM32F0xx_StdPeriph_Driver\src\stm32f0xx_usart.o
LOAD Libraries\STM32F0xx_StdPeriph_Driver\src\stm32f0xx_tim.o
LOAD Libraries\STM32F0xx_StdPeriph_Driver\src\stm32f0xx_syscfg.o
LOAD Libraries\STM32F0xx_StdPeriph_Driver\src\stm32f0xx_spi.o
LOAD Libraries\STM32F0xx_StdPeriph_Driver\src\stm32f0xx_rtc.o
LOAD Libraries\STM32F0xx_StdPeriph_Driver\src\stm32f0xx_rcc.o
LOAD Libraries\STM32F0xx_StdPeriph_Driver\src\stm32f0xx_pwr.o
LOAD Libraries\STM32F0xx_StdPeriph_Driver\src\stm32f0xx_misc.o
LOAD Libraries\STM32F0xx_StdPeriph_Driver\src\stm32f0xx_iwdg.o
LOAD Libraries\STM32F0xx_StdPeriph_Driver\src\stm32f0xx_i2c.o
LOAD Libraries\STM32F0xx_StdPeriph_Driver\src\stm32f0xx_gpio.o
LOAD Libraries\STM32F0xx_StdPeriph_Driver\src\stm32f0xx_flash.o
LOAD Libraries\STM32F0xx_StdPeriph_Driver\src\stm32f0xx_exti.o
LOAD Libraries\STM32F0xx_StdPeriph_Driver\src\stm32f0xx_dma.o
LOAD Libraries\STM32F0xx_StdPeriph_Driver\src\stm32f0xx_dbgmcu.o
LOAD Libraries\STM32F0xx_StdPeriph_Driver\src\stm32f0xx_dac.o
LOAD Libraries\STM32F0xx_StdPeriph_Driver\src\stm32f0xx_crc.o
LOAD Libraries\STM32F0xx_StdPeriph_Driver\src\stm32f0xx_comp.o
LOAD Libraries\STM32F0xx_StdPeriph_Driver\src\stm32f0xx_cec.o
LOAD Libraries\STM32F0xx_StdPeriph_Driver\src\stm32f0xx_adc.o
START GROUP
LOAD d:/gcc-arm-none-eabi-4_7-131005/bin/../lib/gcc/arm-none-eabi/4.7.4/armv6-m\libgcc.a
LOAD d:/gcc-arm-none-eabi-4_7-131005/bin/../lib/gcc/arm-none-eabi/4.7.4/../../../../arm-none-eabi/lib/armv6-m\libg.a
LOAD d:/gcc-arm-none-eabi-4_7-131005/bin/../lib/gcc/arm-none-eabi/4.7.4/../../../../arm-none-eabi/lib/armv6-m\libc.a
END GROUP
LOAD d:/gcc-arm-none-eabi-4_7-131005/bin/../lib/gcc/arm-none-eabi/4.7.4/armv6-m/crtend.o
LOAD d:/gcc-arm-none-eabi-4_7-131005/bin/../lib/gcc/arm-none-eabi/4.7.4/armv6-m/crtn.o
OUTPUT(STM32F0_Discovery_IO_Toggle.elf elf32-littlearm)

.comment        0x00000000       0x6a
 .comment       0x00000000       0x6a d:/gcc-arm-none-eabi-4_7-131005/bin/../lib/gcc/arm-none-eabi/4.7.4/armv6-m/crtbegin.o
                                 0x6b (size before relaxing)
 .comment       0x00000000       0x6b src\system_stm32f0xx.o
 .comment       0x00000000       0x6b src\stm32f0xx_it.o
 .comment       0x00000000       0x6b src\main.o
 .comment       0x00000000       0x6b src\init.o
 .comment       0x00000000       0x6b Libraries\STM32F0xx_StdPeriph_Driver\src\stm32f0xx_usart.o
 .comment       0x00000000       0x6b Libraries\STM32F0xx_StdPeriph_Driver\src\stm32f0xx_syscfg.o
 .comment       0x00000000       0x6b Libraries\STM32F0xx_StdPeriph_Driver\src\stm32f0xx_spi.o
 .comment       0x00000000       0x6b Libraries\STM32F0xx_StdPeriph_Driver\src\stm32f0xx_rcc.o
 .comment       0x00000000       0x6b Libraries\STM32F0xx_StdPeriph_Driver\src\stm32f0xx_misc.o
 .comment       0x00000000       0x6b Libraries\STM32F0xx_StdPeriph_Driver\src\stm32f0xx_iwdg.o
 .comment       0x00000000       0x6b Libraries\STM32F0xx_StdPeriph_Driver\src\stm32f0xx_gpio.o
 .comment       0x00000000       0x6b Libraries\STM32F0xx_StdPeriph_Driver\src\stm32f0xx_flash.o
 .comment       0x00000000       0x6b Libraries\STM32F0xx_StdPeriph_Driver\src\stm32f0xx_exti.o

.debug_info     0x00000000     0x6101
 .debug_info    0x00000000      0x2f3 src\system_stm32f0xx.o
 .debug_info    0x000002f3      0x127 src\stm32f0xx_it.o
 .debug_info    0x0000041a     0x1390 src\main.o
 .debug_info    0x000017aa      0x7d2 src\init.o
 .debug_info    0x00001f7c      0xf47 Libraries\STM32F0xx_StdPeriph_Driver\src\stm32f0xx_usart.o
 .debug_info    0x00002ec3      0x2c4 Libraries\STM32F0xx_StdPeriph_Driver\src\stm32f0xx_syscfg.o
 .debug_info    0x00003187      0xb5a Libraries\STM32F0xx_StdPeriph_Driver\src\stm32f0xx_spi.o
 .debug_info    0x00003ce1      0xa67 Libraries\STM32F0xx_StdPeriph_Driver\src\stm32f0xx_rcc.o
 .debug_info    0x00004748      0x39f Libraries\STM32F0xx_StdPeriph_Driver\src\stm32f0xx_misc.o
 .debug_info    0x00004ae7      0x225 Libraries\STM32F0xx_StdPeriph_Driver\src\stm32f0xx_iwdg.o
 .debug_info    0x00004d0c      0x61c Libraries\STM32F0xx_StdPeriph_Driver\src\stm32f0xx_gpio.o
 .debug_info    0x00005328      0x81c Libraries\STM32F0xx_StdPeriph_Driver\src\stm32f0xx_flash.o
 .debug_info    0x00005b44      0x350 Libraries\STM32F0xx_StdPeriph_Driver\src\stm32f0xx_exti.o
 .debug_info    0x00005e94       0xcf d:/gcc-arm-none-eabi-4_7-131005/bin/../lib/gcc/arm-none-eabi/4.7.4/armv6-m\libgcc.a(_udivsi3.o)
 .debug_info    0x00005f63       0xcf d:/gcc-arm-none-eabi-4_7-131005/bin/../lib/gcc/arm-none-eabi/4.7.4/armv6-m\libgcc.a(_divsi3.o)
 .debug_info    0x00006032       0xcf d:/gcc-arm-none-eabi-4_7-131005/bin/../lib/gcc/arm-none-eabi/4.7.4/armv6-m\libgcc.a(_dvmd_tls.o)

.debug_abbrev   0x00000000     0x1277
 .debug_abbrev  0x00000000      0x119 src\system_stm32f0xx.o
 .debug_abbrev  0x00000119       0x5c src\stm32f0xx_it.o
 .debug_abbrev  0x00000175      0x281 src\main.o
 .debug_abbrev  0x000003f6       0xf2 src\init.o
 .debug_abbrev  0x000004e8      0x160 Libraries\STM32F0xx_StdPeriph_Driver\src\stm32f0xx_usart.o
 .debug_abbrev  0x00000648      0x13c Libraries\STM32F0xx_StdPeriph_Driver\src\stm32f0xx_syscfg.o
 .debug_abbrev  0x00000784      0x1a5 Libraries\STM32F0xx_StdPeriph_Driver\src\stm32f0xx_spi.o
 .debug_abbrev  0x00000929      0x1f0 Libraries\STM32F0xx_StdPeriph_Driver\src\stm32f0xx_rcc.o
 .debug_abbrev  0x00000b19      0x129 Libraries\STM32F0xx_StdPeriph_Driver\src\stm32f0xx_misc.o
 .debug_abbrev  0x00000c42      0x110 Libraries\STM32F0xx_StdPeriph_Driver\src\stm32f0xx_iwdg.o
 .debug_abbrev  0x00000d52      0x192 Libraries\STM32F0xx_StdPeriph_Driver\src\stm32f0xx_gpio.o
 .debug_abbrev  0x00000ee4      0x1ce Libraries\STM32F0xx_StdPeriph_Driver\src\stm32f0xx_flash.o
 .debug_abbrev  0x000010b2      0x189 Libraries\STM32F0xx_StdPeriph_Driver\src\stm32f0xx_exti.o
 .debug_abbrev  0x0000123b       0x14 d:/gcc-arm-none-eabi-4_7-131005/bin/../lib/gcc/arm-none-eabi/4.7.4/armv6-m\libgcc.a(_udivsi3.o)
 .debug_abbrev  0x0000124f       0x14 d:/gcc-arm-none-eabi-4_7-131005/bin/../lib/gcc/arm-none-eabi/4.7.4/armv6-m\libgcc.a(_divsi3.o)
 .debug_abbrev  0x00001263       0x14 d:/gcc-arm-none-eabi-4_7-131005/bin/../lib/gcc/arm-none-eabi/4.7.4/armv6-m\libgcc.a(_dvmd_tls.o)

.debug_loc      0x00000000     0x2ed2
 .debug_loc     0x00000000       0x9c src\system_stm32f0xx.o
 .debug_loc     0x0000009c      0x160 src\stm32f0xx_it.o
 .debug_loc     0x000001fc      0x468 src\main.o
 .debug_loc     0x00000664       0x2c src\init.o
 .debug_loc     0x00000690      0xab8 Libraries\STM32F0xx_StdPeriph_Driver\src\stm32f0xx_usart.o
 .debug_loc     0x00001148      0x1b4 Libraries\STM32F0xx_StdPeriph_Driver\src\stm32f0xx_syscfg.o
 .debug_loc     0x000012fc      0x6ca Libraries\STM32F0xx_StdPeriph_Driver\src\stm32f0xx_spi.o
 .debug_loc     0x000019c6      0x864 Libraries\STM32F0xx_StdPeriph_Driver\src\stm32f0xx_rcc.o
 .debug_loc     0x0000222a       0xa8 Libraries\STM32F0xx_StdPeriph_Driver\src\stm32f0xx_misc.o
 .debug_loc     0x000022d2      0x170 Libraries\STM32F0xx_StdPeriph_Driver\src\stm32f0xx_iwdg.o
 .debug_loc     0x00002442      0x2d8 Libraries\STM32F0xx_StdPeriph_Driver\src\stm32f0xx_gpio.o
 .debug_loc     0x0000271a      0x604 Libraries\STM32F0xx_StdPeriph_Driver\src\stm32f0xx_flash.o
 .debug_loc     0x00002d1e      0x1b4 Libraries\STM32F0xx_StdPeriph_Driver\src\stm32f0xx_exti.o

.debug_aranges  0x00000000      0x878
 .debug_aranges
                0x00000000       0x30 src\system_stm32f0xx.o
 .debug_aranges
                0x00000030       0x58 src\stm32f0xx_it.o
 .debug_aranges
                0x00000088       0xc0 src\main.o
 .debug_aranges
                0x00000148       0x20 src\init.o
 .debug_aranges
                0x00000168      0x1a0 Libraries\STM32F0xx_StdPeriph_Driver\src\stm32f0xx_usart.o
 .debug_aranges
                0x00000308       0x58 Libraries\STM32F0xx_StdPeriph_Driver\src\stm32f0xx_syscfg.o
 .debug_aranges
                0x00000360      0x110 Libraries\STM32F0xx_StdPeriph_Driver\src\stm32f0xx_spi.o
 .debug_aranges
                0x00000470      0x150 Libraries\STM32F0xx_StdPeriph_Driver\src\stm32f0xx_rcc.o
 .debug_aranges
                0x000005c0       0x30 Libraries\STM32F0xx_StdPeriph_Driver\src\stm32f0xx_misc.o
 .debug_aranges
                0x000005f0       0x50 Libraries\STM32F0xx_StdPeriph_Driver\src\stm32f0xx_iwdg.o
 .debug_aranges
                0x00000640       0x80 Libraries\STM32F0xx_StdPeriph_Driver\src\stm32f0xx_gpio.o
 .debug_aranges
                0x000006c0      0x100 Libraries\STM32F0xx_StdPeriph_Driver\src\stm32f0xx_flash.o
 .debug_aranges
                0x000007c0       0x58 Libraries\STM32F0xx_StdPeriph_Driver\src\stm32f0xx_exti.o
 .debug_aranges
                0x00000818       0x20 d:/gcc-arm-none-eabi-4_7-131005/bin/../lib/gcc/arm-none-eabi/4.7.4/armv6-m\libgcc.a(_udivsi3.o)
 .debug_aranges
                0x00000838       0x20 d:/gcc-arm-none-eabi-4_7-131005/bin/../lib/gcc/arm-none-eabi/4.7.4/armv6-m\libgcc.a(_divsi3.o)
 .debug_aranges
                0x00000858       0x20 d:/gcc-arm-none-eabi-4_7-131005/bin/../lib/gcc/arm-none-eabi/4.7.4/armv6-m\libgcc.a(_dvmd_tls.o)

.debug_ranges   0x00000000      0x760
 .debug_ranges  0x00000000       0x20 src\system_stm32f0xx.o
 .debug_ranges  0x00000020       0x48 src\stm32f0xx_it.o
 .debug_ranges  0x00000068       0xc8 src\main.o
 .debug_ranges  0x00000130       0x10 src\init.o
 .debug_ranges  0x00000140      0x190 Libraries\STM32F0xx_StdPeriph_Driver\src\stm32f0xx_usart.o
 .debug_ranges  0x000002d0       0x48 Libraries\STM32F0xx_StdPeriph_Driver\src\stm32f0xx_syscfg.o
 .debug_ranges  0x00000318      0x100 Libraries\STM32F0xx_StdPeriph_Driver\src\stm32f0xx_spi.o
 .debug_ranges  0x00000418      0x140 Libraries\STM32F0xx_StdPeriph_Driver\src\stm32f0xx_rcc.o
 .debug_ranges  0x00000558       0x20 Libraries\STM32F0xx_StdPeriph_Driver\src\stm32f0xx_misc.o
 .debug_ranges  0x00000578       0x40 Libraries\STM32F0xx_StdPeriph_Driver\src\stm32f0xx_iwdg.o
 .debug_ranges  0x000005b8       0x70 Libraries\STM32F0xx_StdPeriph_Driver\src\stm32f0xx_gpio.o
 .debug_ranges  0x00000628       0xf0 Libraries\STM32F0xx_StdPeriph_Driver\src\stm32f0xx_flash.o
 .debug_ranges  0x00000718       0x48 Libraries\STM32F0xx_StdPeriph_Driver\src\stm32f0xx_exti.o

.debug_line     0x00000000     0x2c9c
 .debug_line    0x00000000      0x180 src\system_stm32f0xx.o
 .debug_line    0x00000180       0xc4 src\stm32f0xx_it.o
 .debug_line    0x00000244      0x7e1 src\main.o
 .debug_line    0x00000a25      0x23d src\init.o
 .debug_line    0x00000c62      0x5bf Libraries\STM32F0xx_StdPeriph_Driver\src\stm32f0xx_usart.o
 .debug_line    0x00001221      0x1de Libraries\STM32F0xx_StdPeriph_Driver\src\stm32f0xx_syscfg.o
 .debug_line    0x000013ff      0x470 Libraries\STM32F0xx_StdPeriph_Driver\src\stm32f0xx_spi.o
 .debug_line    0x0000186f      0x4f9 Libraries\STM32F0xx_StdPeriph_Driver\src\stm32f0xx_rcc.o
 .debug_line    0x00001d68      0x235 Libraries\STM32F0xx_StdPeriph_Driver\src\stm32f0xx_misc.o
 .debug_line    0x00001f9d      0x1b8 Libraries\STM32F0xx_StdPeriph_Driver\src\stm32f0xx_iwdg.o
 .debug_line    0x00002155      0x2d4 Libraries\STM32F0xx_StdPeriph_Driver\src\stm32f0xx_gpio.o
 .debug_line    0x00002429      0x46a Libraries\STM32F0xx_StdPeriph_Driver\src\stm32f0xx_flash.o
 .debug_line    0x00002893      0x258 Libraries\STM32F0xx_StdPeriph_Driver\src\stm32f0xx_exti.o
 .debug_line    0x00002aeb       0x94 d:/gcc-arm-none-eabi-4_7-131005/bin/../lib/gcc/arm-none-eabi/4.7.4/armv6-m\libgcc.a(_udivsi3.o)
 .debug_line    0x00002b7f       0xa1 d:/gcc-arm-none-eabi-4_7-131005/bin/../lib/gcc/arm-none-eabi/4.7.4/armv6-m\libgcc.a(_divsi3.o)
 .debug_line    0x00002c20       0x7c d:/gcc-arm-none-eabi-4_7-131005/bin/../lib/gcc/arm-none-eabi/4.7.4/armv6-m\libgcc.a(_dvmd_tls.o)

.debug_str      0x00000000     0x275a
 .debug_str     0x00000000      0x1c9 src\system_stm32f0xx.o
                                0x215 (size before relaxing)
 .debug_str     0x000001c9       0x91 src\stm32f0xx_it.o
                                0x17b (size before relaxing)
 .debug_str     0x0000025a      0xcff src\main.o
                                0xe5e (size before relaxing)
 .debug_str     0x00000f59       0x66 src\init.o
                                0x76e (size before relaxing)
 .debug_str     0x00000fbf      0x6a3 Libraries\STM32F0xx_StdPeriph_Driver\src\stm32f0xx_usart.o
                                0x905 (size before relaxing)
 .debug_str     0x00001662      0x18b Libraries\STM32F0xx_StdPeriph_Driver\src\stm32f0xx_syscfg.o
                                0x2d8 (size before relaxing)
 .debug_str     0x000017ed      0x3a4 Libraries\STM32F0xx_StdPeriph_Driver\src\stm32f0xx_spi.o
                                0x6b0 (size before relaxing)
 .debug_str     0x00001b91      0x42f Libraries\STM32F0xx_StdPeriph_Driver\src\stm32f0xx_rcc.o
                                0x6d7 (size before relaxing)
 .debug_str     0x00001fc0       0xae Libraries\STM32F0xx_StdPeriph_Driver\src\stm32f0xx_misc.o
                                0x2b3 (size before relaxing)
 .debug_str     0x0000206e       0xf4 Libraries\STM32F0xx_StdPeriph_Driver\src\stm32f0xx_iwdg.o
                                0x226 (size before relaxing)
 .debug_str     0x00002162      0x180 Libraries\STM32F0xx_StdPeriph_Driver\src\stm32f0xx_gpio.o
                                0x43e (size before relaxing)
 .debug_str     0x000022e2      0x385 Libraries\STM32F0xx_StdPeriph_Driver\src\stm32f0xx_flash.o
                                0x531 (size before relaxing)
 .debug_str     0x00002667       0xf3 Libraries\STM32F0xx_StdPeriph_Driver\src\stm32f0xx_exti.o
                                0x303 (size before relaxing)

.debug_frame    0x00000000     0x1c28
 .debug_frame   0x00000000       0x6c src\system_stm32f0xx.o
 .debug_frame   0x0000006c       0xf0 src\stm32f0xx_it.o
 .debug_frame   0x0000015c      0x2a4 src\main.o
 .debug_frame   0x00000400       0x2c src\init.o
 .debug_frame   0x0000042c      0x630 Libraries\STM32F0xx_StdPeriph_Driver\src\stm32f0xx_usart.o
 .debug_frame   0x00000a5c      0x110 Libraries\STM32F0xx_StdPeriph_Driver\src\stm32f0xx_syscfg.o
 .debug_frame   0x00000b6c      0x3f0 Libraries\STM32F0xx_StdPeriph_Driver\src\stm32f0xx_spi.o
 .debug_frame   0x00000f5c      0x4e4 Libraries\STM32F0xx_StdPeriph_Driver\src\stm32f0xx_rcc.o
 .debug_frame   0x00001440       0x70 Libraries\STM32F0xx_StdPeriph_Driver\src\stm32f0xx_misc.o
 .debug_frame   0x000014b0       0xe8 Libraries\STM32F0xx_StdPeriph_Driver\src\stm32f0xx_iwdg.o
 .debug_frame   0x00001598      0x1b0 Libraries\STM32F0xx_StdPeriph_Driver\src\stm32f0xx_gpio.o
 .debug_frame   0x00001748      0x394 Libraries\STM32F0xx_StdPeriph_Driver\src\stm32f0xx_flash.o
 .debug_frame   0x00001adc      0x10c Libraries\STM32F0xx_StdPeriph_Driver\src\stm32f0xx_exti.o
 .debug_frame   0x00001be8       0x20 d:/gcc-arm-none-eabi-4_7-131005/bin/../lib/gcc/arm-none-eabi/4.7.4/armv6-m\libgcc.a(_udivsi3.o)
 .debug_frame   0x00001c08       0x20 d:/gcc-arm-none-eabi-4_7-131005/bin/../lib/gcc/arm-none-eabi/4.7.4/armv6-m\libgcc.a(_divsi3.o)
